<html>
<body>
<pre>
<h1>µVision Build Log</h1>
<h2>Tool Versions:</h2>
IDE-Version: ¦ÌVision V5.23.0.0
Copyright (C) 2017 ARM Ltd and ARM Germany GmbH. All rights reserved.
License Information: c GPT-726, ws, LIC=NHYKP-MQXNN-KUX4L-0R8BQ-4YUSI-6GV5K
 
Tool Versions:
Toolchain:       MDK-ARM Professional  Version: 5.23
Toolchain Path:  d:\Keil_v5\ARM\ARMCC\Bin
C Compiler:      Armcc.exe V5.06 update 4 (build 422)
Assembler:       Armasm.exe V5.06 update 4 (build 422)
Linker/Locator:  ArmLink.exe V5.06 update 4 (build 422)
Library Manager: ArmAr.exe V5.06 update 4 (build 422)
Hex Converter:   FromElf.exe V5.06 update 4 (build 422)
CPU DLL:         SARMCM3.DLL V5.23
Dialog DLL:      DCM.DLL V1.15.0.0
Target DLL:      Segger\JL2CM3.dll V2.99.23.0
Dialog DLL:      TCM.DLL V1.27.0.0
 
<h2>Project:</h2>
C:\Users\GPT-726.AD\Desktop\ModuleBaseboard\ModuleBaseboard.uvprojx
Project File Date:  09/21/2017

<h2>Output:</h2>
*** Using Compiler 'V5.06 update 4 (build 422)', folder: 'd:\Keil_v5\ARM\ARMCC\Bin'
Build target 'STM32F429IETx'
compiling stm32f4xx_it.c...
linking...
Program Size: Code=19292 RO-data=692 RW-data=5016 ZI-data=3112  
".\Objects\ModuleBaseboard.axf" - 0 Error(s), 0 Warning(s).

<h2>Software Packages used:</h2>

Package Vendor: Keil
                project-path/Keil.FrameworkCubeMX.1.0.0.pack
                Keil::Device:STM32Cube Framework:STM32CubeMX:1.0.0
                STM32CubeMX generated pack description
   * Component: STM32CubeMX Version: 1.0.0

Package Vendor: ARM
                http://www.keil.com/pack/ARM.CMSIS.5.0.1.pack
                ::CMSIS:RTOS2:2.1.0 (API)
                CMSIS (Cortex Microcontroller Software Interface Standard)
   * Component: RTOS2 Version: 2.1.0
   * Component: CORE Version: 5.0.1
   * Component: Keil RTX5 Variant: Source Version: 5.1.0

Package Vendor: Keil
                http://www.keil.com/pack/Keil.STM32F4xx_DFP.2.9.0.pack
                ::Device:STM32Cube Framework:1.0.0 (API)
                STMicroelectronics STM32F4 Series Device Support, Drivers and Examples
   * Component: STM32Cube Framework Version: 1.0.0
   * Component: Startup Version: 2.5.0
   * Component: ADC Version: 1.5.0
   * Component: CAN Version: 1.5.0
   * Component: Common Version: 1.5.0
   * Component: GPIO Version: 1.5.0
   * Component: DMA Version: 1.5.0
   * Component: PWR Version: 1.5.0
   * Component: I2C Version: 1.5.0
   * Component: DAC Version: 1.5.0
   * Component: Cortex Version: 1.5.0
   * Component: SPI Version: 1.5.0
   * Component: RCC Version: 1.5.0
   * Component: TIM Version: 1.5.0
   * Component: UART Version: 1.5.0

<h2>Collection of Component include folders:</h2>
  .\RTE\CMSIS
  .\RTE\Device\STM32F429IETx
  .\RTE\Device\STM32F429IETx\STCubeGenerated\Inc
  .\RTE\_STM32F429IETx
  d:\Keil_v5\ARM\PACK\ARM\CMSIS\5.0.1\CMSIS\Include
  d:\Keil_v5\ARM\PACK\ARM\CMSIS\5.0.1\CMSIS\RTOS2\Include
  d:\Keil_v5\ARM\PACK\ARM\CMSIS\5.0.1\CMSIS\RTOS2\RTX\Include
  d:\Keil_v5\ARM\PACK\Keil\STM32F4xx_DFP\2.9.0\Drivers\CMSIS\Device\ST\STM32F4xx\Include
  d:\Keil_v5\ARM\PACK\Keil\STM32F4xx_DFP\2.9.0\Drivers\STM32F4xx_HAL_Driver\Inc

<h2>Collection of Component Files used:</h2>

   * Component: Keil::Device:STM32Cube Framework:STM32CubeMX:1.0.0
      Include file:  MX_Device.h
      Source file:   STCubeGenerated\Src\stm32f4xx_hal_msp.c
      Include file:  STCubeGenerated\Inc\stm32f4xx_hal_conf.h

   * Component: ::CMSIS:RTOS2:2.1.0 (API)
      Include file:  CMSIS\RTOS2\Include\cmsis_os2.h

   * Component: ARM::CMSIS:CORE:5.0.1

   * Component: ARM::CMSIS:RTOS2:Keil RTX5:Source:5.1.0
      Include file:  CMSIS\RTOS2\RTX\Include\rtx_os.h
      Include file:  CMSIS\RTOS2\RTX\Config\RTX_Config.h
      Source file:   CMSIS\RTOS2\RTX\Config\RTX_Config.c
      Source file:   CMSIS\RTOS2\RTX\Template\main.c
      Source file:   CMSIS\RTOS2\RTX\Template\Events.c
      Source file:   CMSIS\RTOS2\RTX\Template\MsgQueue.c
      Source file:   CMSIS\RTOS2\RTX\Template\MemPool.c
      Source file:   CMSIS\RTOS2\RTX\Template\Timer.c
      Source file:   CMSIS\RTOS2\RTX\Source\rtx_lib.c
      Source file:   CMSIS\RTOS2\RTX\Source\rtx_delay.c
      Source file:   CMSIS\RTOS2\RTX\Source\rtx_timer.c
      Source file:   CMSIS\RTOS2\RTX\Source\rtx_mempool.c
      Source file:   CMSIS\RTOS2\RTX\Template\Thread.c
      Source file:   CMSIS\RTOS2\RTX\Source\ARM\irq_cm4f.s
      Source file:   CMSIS\RTOS2\RTX\Template\Mutex.c
      Source file:   CMSIS\RTOS2\RTX\Source\rtx_kernel.c
      Source file:   CMSIS\RTOS2\RTX\Source\rtx_memory.c
      Source file:   CMSIS\RTOS2\RTX\Source\rtx_msgqueue.c
      Source file:   CMSIS\RTOS2\RTX\Source\rtx_evr.c
      Source file:   CMSIS\RTOS2\RTX\Source\rtx_mutex.c
      Source file:   CMSIS\RTOS2\RTX\Source\rtx_semaphore.c
      Source file:   CMSIS\RTOS2\RTX\Source\rtx_thread.c
      Source file:   CMSIS\RTOS2\RTX\Source\rtx_evflags.c
      Source file:   CMSIS\RTOS2\RTX\Template\Semaphore.c
      Source file:   CMSIS\RTOS2\RTX\Source\rtx_system.c

   * Component: ::Device:STM32Cube Framework:1.0.0 (API)

   * Component: Keil::Device:Startup:2.5.0
      Source file:   MDK\Device\Source\ARM\STM32F42xxx_43xxx_OPT.s
      Source file:   MDK\Device\Source\ARM\STM32F4xx_OTP.s
      Include file:  Drivers\CMSIS\Device\ST\STM32F4xx\Include\stm32f4xx.h
      Source file:   Drivers\CMSIS\Device\ST\STM32F4xx\Source\Templates\arm\startup_stm32f429xx.s
      Source file:   Drivers\CMSIS\Device\ST\STM32F4xx\Source\Templates\system_stm32f4xx.c

   * Component: Keil::Device:STM32Cube HAL:ADC:1.5.0
      Source file:   Drivers\STM32F4xx_HAL_Driver\Src\stm32f4xx_hal_adc.c
      Source file:   Drivers\STM32F4xx_HAL_Driver\Src\stm32f4xx_hal_adc_ex.c

   * Component: Keil::Device:STM32Cube HAL:CAN:1.5.0
      Source file:   Drivers\STM32F4xx_HAL_Driver\Src\stm32f4xx_hal_can.c

   * Component: Keil::Device:STM32Cube HAL:Common:1.5.0
      Include file:  Drivers\STM32F4xx_HAL_Driver\Inc\stm32f4xx_hal.h
      Source file:   Drivers\STM32F4xx_HAL_Driver\Src\stm32f4xx_hal.c

   * Component: Keil::Device:STM32Cube HAL:GPIO:1.5.0
      Source file:   Drivers\STM32F4xx_HAL_Driver\Src\stm32f4xx_hal_gpio.c

   * Component: Keil::Device:STM32Cube HAL:DMA:1.5.0
      Source file:   Drivers\STM32F4xx_HAL_Driver\Src\stm32f4xx_hal_dma.c
      Source file:   Drivers\STM32F4xx_HAL_Driver\Src\stm32f4xx_hal_dma_ex.c

   * Component: Keil::Device:STM32Cube HAL:PWR:1.5.0
      Source file:   Drivers\STM32F4xx_HAL_Driver\Src\stm32f4xx_hal_pwr.c
      Source file:   Drivers\STM32F4xx_HAL_Driver\Src\stm32f4xx_hal_pwr_ex.c

   * Component: Keil::Device:STM32Cube HAL:I2C:1.5.0
      Source file:   Drivers\STM32F4xx_HAL_Driver\Src\stm32f4xx_hal_i2c.c
      Source file:   Drivers\STM32F4xx_HAL_Driver\Src\stm32f4xx_hal_i2c_ex.c

   * Component: Keil::Device:STM32Cube HAL:DAC:1.5.0
      Source file:   Drivers\STM32F4xx_HAL_Driver\Src\stm32f4xx_hal_dac_ex.c
      Source file:   Drivers\STM32F4xx_HAL_Driver\Src\stm32f4xx_hal_dac.c

   * Component: Keil::Device:STM32Cube HAL:Cortex:1.5.0
      Source file:   Drivers\STM32F4xx_HAL_Driver\Src\stm32f4xx_hal_cortex.c

   * Component: Keil::Device:STM32Cube HAL:SPI:1.5.0
      Source file:   Drivers\STM32F4xx_HAL_Driver\Src\stm32f4xx_hal_spi.c

   * Component: Keil::Device:STM32Cube HAL:RCC:1.5.0
      Source file:   Drivers\STM32F4xx_HAL_Driver\Src\stm32f4xx_hal_rcc.c
      Source file:   Drivers\STM32F4xx_HAL_Driver\Src\stm32f4xx_hal_rcc_ex.c

   * Component: Keil::Device:STM32Cube HAL:TIM:1.5.0
      Source file:   Drivers\STM32F4xx_HAL_Driver\Src\stm32f4xx_hal_tim_ex.c
      Source file:   Drivers\STM32F4xx_HAL_Driver\Src\stm32f4xx_hal_tim.c

   * Component: Keil::Device:STM32Cube HAL:UART:1.5.0
      Source file:   Drivers\STM32F4xx_HAL_Driver\Src\stm32f4xx_hal_uart.c
Build Time Elapsed:  00:00:02
</pre>
</body>
</html>
