Component: ARM Compiler 5.06 update 4 (build 422) Tool: armlink [4d35d2]

==============================================================================

Section Cross References

    main.o(i.MX_ADC1_Init) refers to stm32f4xx_hal_adc.o(i.HAL_ADC_Init) for HAL_ADC_Init
    main.o(i.MX_ADC1_Init) refers to main.o(i._Error_Handler) for _Error_Handler
    main.o(i.MX_ADC1_Init) refers to stm32f4xx_hal_adc.o(i.HAL_ADC_ConfigChannel) for HAL_ADC_ConfigChannel
    main.o(i.MX_ADC1_Init) refers to main.o(.bss) for .bss
    main.o(i.MX_CAN1_Init) refers to stm32f4xx_hal_can.o(i.HAL_CAN_Init) for HAL_CAN_Init
    main.o(i.MX_CAN1_Init) refers to main.o(i._Error_Handler) for _Error_Handler
    main.o(i.MX_CAN1_Init) refers to main.o(.bss) for .bss
    main.o(i.MX_CAN2_Init) refers to stm32f4xx_hal_can.o(i.HAL_CAN_Init) for HAL_CAN_Init
    main.o(i.MX_CAN2_Init) refers to main.o(i._Error_Handler) for _Error_Handler
    main.o(i.MX_CAN2_Init) refers to main.o(.bss) for .bss
    main.o(i.MX_DAC_Init) refers to stm32f4xx_hal_dac.o(i.HAL_DAC_Init) for HAL_DAC_Init
    main.o(i.MX_DAC_Init) refers to main.o(i._Error_Handler) for _Error_Handler
    main.o(i.MX_DAC_Init) refers to stm32f4xx_hal_dac.o(i.HAL_DAC_ConfigChannel) for HAL_DAC_ConfigChannel
    main.o(i.MX_DAC_Init) refers to main.o(.bss) for .bss
    main.o(i.MX_GPIO_Init) refers to stm32f4xx_hal_gpio.o(i.HAL_GPIO_WritePin) for HAL_GPIO_WritePin
    main.o(i.MX_GPIO_Init) refers to stm32f4xx_hal_gpio.o(i.HAL_GPIO_Init) for HAL_GPIO_Init
    main.o(i.MX_I2C1_Init) refers to stm32f4xx_hal_i2c.o(i.HAL_I2C_Init) for HAL_I2C_Init
    main.o(i.MX_I2C1_Init) refers to main.o(i._Error_Handler) for _Error_Handler
    main.o(i.MX_I2C1_Init) refers to main.o(.bss) for .bss
    main.o(i.MX_I2C2_Init) refers to stm32f4xx_hal_i2c.o(i.HAL_I2C_Init) for HAL_I2C_Init
    main.o(i.MX_I2C2_Init) refers to main.o(i._Error_Handler) for _Error_Handler
    main.o(i.MX_I2C2_Init) refers to main.o(.bss) for .bss
    main.o(i.MX_SPI5_Init) refers to stm32f4xx_hal_spi.o(i.HAL_SPI_Init) for HAL_SPI_Init
    main.o(i.MX_SPI5_Init) refers to main.o(i._Error_Handler) for _Error_Handler
    main.o(i.MX_SPI5_Init) refers to main.o(.bss) for .bss
    main.o(i.MX_SPI6_Init) refers to stm32f4xx_hal_spi.o(i.HAL_SPI_Init) for HAL_SPI_Init
    main.o(i.MX_SPI6_Init) refers to main.o(i._Error_Handler) for _Error_Handler
    main.o(i.MX_SPI6_Init) refers to main.o(.bss) for .bss
    main.o(i.MX_TIM10_Init) refers to stm32f4xx_hal_tim.o(i.HAL_TIM_Base_Init) for HAL_TIM_Base_Init
    main.o(i.MX_TIM10_Init) refers to main.o(i._Error_Handler) for _Error_Handler
    main.o(i.MX_TIM10_Init) refers to stm32f4xx_hal_tim.o(i.HAL_TIM_PWM_Init) for HAL_TIM_PWM_Init
    main.o(i.MX_TIM10_Init) refers to stm32f4xx_hal_tim.o(i.HAL_TIM_PWM_ConfigChannel) for HAL_TIM_PWM_ConfigChannel
    main.o(i.MX_TIM10_Init) refers to stm32f4xx_hal_msp.o(i.HAL_TIM_MspPostInit) for HAL_TIM_MspPostInit
    main.o(i.MX_TIM10_Init) refers to main.o(.bss) for .bss
    main.o(i.MX_TIM11_Init) refers to stm32f4xx_hal_tim.o(i.HAL_TIM_Base_Init) for HAL_TIM_Base_Init
    main.o(i.MX_TIM11_Init) refers to main.o(i._Error_Handler) for _Error_Handler
    main.o(i.MX_TIM11_Init) refers to stm32f4xx_hal_tim.o(i.HAL_TIM_PWM_Init) for HAL_TIM_PWM_Init
    main.o(i.MX_TIM11_Init) refers to stm32f4xx_hal_tim.o(i.HAL_TIM_PWM_ConfigChannel) for HAL_TIM_PWM_ConfigChannel
    main.o(i.MX_TIM11_Init) refers to stm32f4xx_hal_msp.o(i.HAL_TIM_MspPostInit) for HAL_TIM_MspPostInit
    main.o(i.MX_TIM11_Init) refers to main.o(.bss) for .bss
    main.o(i.MX_TIM12_Init) refers to stm32f4xx_hal_tim.o(i.HAL_TIM_PWM_Init) for HAL_TIM_PWM_Init
    main.o(i.MX_TIM12_Init) refers to main.o(i._Error_Handler) for _Error_Handler
    main.o(i.MX_TIM12_Init) refers to stm32f4xx_hal_tim.o(i.HAL_TIM_PWM_ConfigChannel) for HAL_TIM_PWM_ConfigChannel
    main.o(i.MX_TIM12_Init) refers to stm32f4xx_hal_msp.o(i.HAL_TIM_MspPostInit) for HAL_TIM_MspPostInit
    main.o(i.MX_TIM12_Init) refers to main.o(.bss) for .bss
    main.o(i.MX_TIM13_Init) refers to stm32f4xx_hal_tim.o(i.HAL_TIM_Base_Init) for HAL_TIM_Base_Init
    main.o(i.MX_TIM13_Init) refers to main.o(i._Error_Handler) for _Error_Handler
    main.o(i.MX_TIM13_Init) refers to stm32f4xx_hal_tim.o(i.HAL_TIM_PWM_Init) for HAL_TIM_PWM_Init
    main.o(i.MX_TIM13_Init) refers to stm32f4xx_hal_tim.o(i.HAL_TIM_PWM_ConfigChannel) for HAL_TIM_PWM_ConfigChannel
    main.o(i.MX_TIM13_Init) refers to stm32f4xx_hal_msp.o(i.HAL_TIM_MspPostInit) for HAL_TIM_MspPostInit
    main.o(i.MX_TIM13_Init) refers to main.o(.bss) for .bss
    main.o(i.MX_TIM14_Init) refers to stm32f4xx_hal_tim.o(i.HAL_TIM_Base_Init) for HAL_TIM_Base_Init
    main.o(i.MX_TIM14_Init) refers to main.o(i._Error_Handler) for _Error_Handler
    main.o(i.MX_TIM14_Init) refers to stm32f4xx_hal_tim.o(i.HAL_TIM_PWM_Init) for HAL_TIM_PWM_Init
    main.o(i.MX_TIM14_Init) refers to stm32f4xx_hal_tim.o(i.HAL_TIM_PWM_ConfigChannel) for HAL_TIM_PWM_ConfigChannel
[...]
    MX_TIM3_Init                             0x08002e01   Thumb Code   142  main.o(i.MX_TIM3_Init)
    i.MX_TIM4_Init                           0x08002ecc   Section        0  main.o(i.MX_TIM4_Init)
    MX_TIM4_Init                             0x08002ecd   Thumb Code   142  main.o(i.MX_TIM4_Init)
    i.MX_TIM5_Init                           0x08002f98   Section        0  main.o(i.MX_TIM5_Init)
    MX_TIM5_Init                             0x08002f99   Thumb Code   196  main.o(i.MX_TIM5_Init)
    i.MX_TIM8_Init                           0x08003098   Section        0  main.o(i.MX_TIM8_Init)
    MX_TIM8_Init                             0x08003099   Thumb Code   214  main.o(i.MX_TIM8_Init)
    i.MX_TIM9_Init                           0x080031ac   Section        0  main.o(i.MX_TIM9_Init)
    MX_TIM9_Init                             0x080031ad   Thumb Code   100  main.o(i.MX_TIM9_Init)
    i.MX_UART5_Init                          0x0800324c   Section        0  main.o(i.MX_UART5_Init)
    MX_UART5_Init                            0x0800324d   Thumb Code    54  main.o(i.MX_UART5_Init)
    i.MX_USART1_UART_Init                    0x080032c0   Section        0  main.o(i.MX_USART1_UART_Init)
    MX_USART1_UART_Init                      0x080032c1   Thumb Code    54  main.o(i.MX_USART1_UART_Init)
    i.MX_USART3_UART_Init                    0x08003334   Section        0  main.o(i.MX_USART3_UART_Init)
    MX_USART3_UART_Init                      0x08003335   Thumb Code    54  main.o(i.MX_USART3_UART_Init)
    i.MemManage_Handler                      0x080033a8   Section        0  stm32f4xx_it.o(i.MemManage_Handler)
    i.MessageQueuePut                        0x080033aa   Section        0  rtx_msgqueue.o(i.MessageQueuePut)
    MessageQueuePut                          0x080033ab   Thumb Code    66  rtx_msgqueue.o(i.MessageQueuePut)
    i.NMI_Handler                            0x080033ec   Section        0  stm32f4xx_it.o(i.NMI_Handler)
    i.PendSV_Handler1                        0x080033ee   Section        0  stm32f4xx_it.o(i.PendSV_Handler1)
    i.SVC_Handler1                           0x080033f2   Section        0  stm32f4xx_it.o(i.SVC_Handler1)
    i.SysTick_Handler1                       0x080033f6   Section        0  stm32f4xx_it.o(i.SysTick_Handler1)
    i.SystemClock_Config                     0x08003408   Section        0  main.o(i.SystemClock_Config)
    i.SystemInit                             0x080034f4   Section        0  system_stm32f4xx.o(i.SystemInit)
    i.TIM_Base_SetConfig                     0x08003548   Section        0  stm32f4xx_hal_tim.o(i.TIM_Base_SetConfig)
    i.TIM_OC1_SetConfig                      0x0800360c   Section        0  stm32f4xx_hal_tim.o(i.TIM_OC1_SetConfig)
    TIM_OC1_SetConfig                        0x0800360d   Thumb Code    88  stm32f4xx_hal_tim.o(i.TIM_OC1_SetConfig)
    i.TIM_OC2_SetConfig                      0x0800366c   Section        0  stm32f4xx_hal_tim.o(i.TIM_OC2_SetConfig)
    i.TIM_OC3_SetConfig                      0x080036d8   Section        0  stm32f4xx_hal_tim.o(i.TIM_OC3_SetConfig)
    TIM_OC3_SetConfig                        0x080036d9   Thumb Code    96  stm32f4xx_hal_tim.o(i.TIM_OC3_SetConfig)
    i.TIM_OC4_SetConfig                      0x08003740   Section        0  stm32f4xx_hal_tim.o(i.TIM_OC4_SetConfig)
    TIM_OC4_SetConfig                        0x08003741   Thumb Code    74  stm32f4xx_hal_tim.o(i.TIM_OC4_SetConfig)
    i.TIM_TI1_SetConfig                      0x08003794   Section        0  stm32f4xx_hal_tim.o(i.TIM_TI1_SetConfig)
    i.TIM_TI2_SetConfig                      0x08003818   Section        0  stm32f4xx_hal_tim.o(i.TIM_TI2_SetConfig)
    TIM_TI2_SetConfig                        0x08003819   Thumb Code    54  stm32f4xx_hal_tim.o(i.TIM_TI2_SetConfig)
    i.TIM_TI3_SetConfig                      0x0800384e   Section        0  stm32f4xx_hal_tim.o(i.TIM_TI3_SetConfig)
    TIM_TI3_SetConfig                        0x0800384f   Thumb Code    50  stm32f4xx_hal_tim.o(i.TIM_TI3_SetConfig)
    i.TIM_TI4_SetConfig                      0x08003880   Section        0  stm32f4xx_hal_tim.o(i.TIM_TI4_SetConfig)
    TIM_TI4_SetConfig                        0x08003881   Thumb Code    56  stm32f4xx_hal_tim.o(i.TIM_TI4_SetConfig)
    i.TimerInsert                            0x080038b8   Section        0  rtx_timer.o(i.TimerInsert)
    TimerInsert                              0x080038b9   Thumb Code    50  rtx_timer.o(i.TimerInsert)
    i.TimerUnlink                            0x080038f0   Section        0  rtx_timer.o(i.TimerUnlink)
    TimerUnlink                              0x080038f1   Thumb Code    18  rtx_timer.o(i.TimerUnlink)
    i.UART_SetConfig                         0x08003908   Section        0  stm32f4xx_hal_uart.o(i.UART_SetConfig)
    UART_SetConfig                           0x08003909   Thumb Code   780  stm32f4xx_hal_uart.o(i.UART_SetConfig)
    i.UsageFault_Handler                     0x08003c1c   Section        0  stm32f4xx_it.o(i.UsageFault_Handler)
    i._Error_Handler                         0x08003c1e   Section        0  main.o(i._Error_Handler)
    i.__NVIC_SetPriority                     0x08003c20   Section        0  stm32f4xx_hal_cortex.o(i.__NVIC_SetPriority)
    __NVIC_SetPriority                       0x08003c21   Thumb Code    32  stm32f4xx_hal_cortex.o(i.__NVIC_SetPriority)
    i._mutex_acquire                         0x08003c40   Section        0  rtx_lib.o(i._mutex_acquire)
    __tagsym$$used                           0x08003c41   Number         0  rtx_lib.o(i._mutex_acquire)
    i._mutex_free                            0x08003c5c   Section        0  rtx_lib.o(i._mutex_free)
    __tagsym$$used                           0x08003c5d   Number         0  rtx_lib.o(i._mutex_free)
    i._mutex_initialize                      0x08003c62   Section        0  rtx_lib.o(i._mutex_initialize)
    __tagsym$$used                           0x08003c63   Number         0  rtx_lib.o(i._mutex_initialize)
    i._mutex_release                         0x08003c80   Section        0  rtx_lib.o(i._mutex_release)
    __tagsym$$used                           0x08003c81   Number         0  rtx_lib.o(i._mutex_release)
    i._platform_post_stackheap_init          0x08003c98   Section        0  rtx_lib.o(i._platform_post_stackheap_init)
    i.isr_queue_get                          0x08003c9c   Section        0  rtx_system.o(i.isr_queue_get)
    isr_queue_get                            0x08003c9d   Thumb Code    40  rtx_system.o(i.isr_queue_get)
    i.isr_queue_put                          0x08003cc8   Section        0  rtx_system.o(i.isr_queue_put)
    isr_queue_put                            0x08003cc9   Thumb Code    48  rtx_system.o(i.isr_queue_put)
    i.main                                   0x08003cfc   Section        0  main.o(i.main)
    i.osKernelGetState                       0x08003d68   Section        0  rtx_kernel.o(i.osKernelGetState)
    i.osKernelInitialize                     0x08003da8   Section        0  rtx_kernel.o(i.osKernelInitialize)
    i.osMessageQueuePut                      0x08003dfc   Section        0  rtx_msgqueue.o(i.osMessageQueuePut)
    i.osMutexAcquire                         0x08003ebc   Section        0  rtx_mutex.o(i.osMutexAcquire)
    i.osMutexDelete                          0x08003efc   Section        0  rtx_mutex.o(i.osMutexDelete)
    i.osMutexNew                             0x08003f38   Section        0  rtx_mutex.o(i.osMutexNew)
    i.osMutexRelease                         0x08003f90   Section        0  rtx_mutex.o(i.osMutexRelease)
    i.osRtxErrorNotify                       0x08003fcc   Section        0  rtx_config.o(i.osRtxErrorNotify)
    i.osRtxMemoryAlloc                       0x08003fce   Section        0  rtx_memory.o(i.osRtxMemoryAlloc)
    i.osRtxMemoryFree                        0x0800404c   Section        0  rtx_memory.o(i.osRtxMemoryFree)
    i.osRtxMemoryInit                        0x080040a0   Section        0  rtx_memory.o(i.osRtxMemoryInit)
    i.osRtxMemoryPoolAlloc                   0x080040dc   Section        0  rtx_mempool.o(i.osRtxMemoryPoolAlloc)
    i.osRtxMemoryPoolFree                    0x08004118   Section        0  rtx_mempool.o(i.osRtxMemoryPoolFree)
    i.osRtxMemoryPoolInit                    0x08004168   Section        0  rtx_mempool.o(i.osRtxMemoryPoolInit)
    i.osRtxPendSV_Handler                    0x080041b0   Section        0  rtx_system.o(i.osRtxPendSV_Handler)
    i.osRtxPostProcess                       0x080041fc   Section        0  rtx_system.o(i.osRtxPostProcess)
    i.osRtxSysTimerAckIRQ                    0x08004234   Section        0  rtx_system.o(i.osRtxSysTimerAckIRQ)
    i.osRtxThreadBlock                       0x0800423c   Section        0  rtx_thread.o(i.osRtxThreadBlock)
    i.osRtxThreadDelayInsert                 0x0800426c   Section        0  rtx_thread.o(i.osRtxThreadDelayInsert)
    i.osRtxThreadDelayRemove                 0x080042c8   Section        0  rtx_thread.o(i.osRtxThreadDelayRemove)
    i.osRtxThreadDelayTick                   0x08004328   Section        0  rtx_thread.o(i.osRtxThreadDelayTick)
    i.osRtxThreadDispatch                    0x080043e8   Section        0  rtx_thread.o(i.osRtxThreadDispatch)
    i.osRtxThreadListGet                     0x0800445c   Section        0  rtx_thread.o(i.osRtxThreadListGet)
    i.osRtxThreadListPut                     0x08004474   Section        0  rtx_thread.o(i.osRtxThreadListPut)
    i.osRtxThreadListRemove                  0x0800449e   Section        0  rtx_thread.o(i.osRtxThreadListRemove)
    i.osRtxThreadListRoot                    0x080044b6   Section        0  rtx_thread.o(i.osRtxThreadListRoot)
    i.osRtxThreadListSort                    0x080044c6   Section        0  rtx_thread.o(i.osRtxThreadListSort)
    i.osRtxThreadReadyPut                    0x080044f0   Section        0  rtx_thread.o(i.osRtxThreadReadyPut)
    i.osRtxThreadRegPtr                      0x08004500   Section        0  rtx_thread.o(i.osRtxThreadRegPtr)
    i.osRtxThreadStackCheck                  0x08004514   Section        0  rtx_thread.o(i.osRtxThreadStackCheck)
    i.osRtxThreadSwitch                      0x0800453c   Section        0  rtx_thread.o(i.osRtxThreadSwitch)
    i.osRtxThreadWaitEnter                   0x0800455c   Section        0  rtx_thread.o(i.osRtxThreadWaitEnter)
    i.osRtxThreadWaitExit                    0x080045ac   Section        0  rtx_thread.o(i.osRtxThreadWaitExit)
    i.osRtxTick_Handler                      0x080045e0   Section        0  rtx_system.o(i.osRtxTick_Handler)
    i.osRtxTimerTick                         0x0800465c   Section        0  rtx_timer.o(i.osRtxTimerTick)
    i.os_kernel_is_active                    0x080046b4   Section        0  rtx_lib.o(i.os_kernel_is_active)
    os_kernel_is_active                      0x080046b5   Thumb Code    32  rtx_lib.o(i.os_kernel_is_active)
    i.svcRtxKernelGetState                   0x080046d8   Section        0  rtx_kernel.o(i.svcRtxKernelGetState)
    i.svcRtxKernelInitialize                 0x080046ec   Section        0  rtx_kernel.o(i.svcRtxKernelInitialize)
    i.svcRtxMessageQueuePut                  0x080048ac   Section        0  rtx_msgqueue.o(i.svcRtxMessageQueuePut)
    i.svcRtxMutexAcquire                     0x080049b0   Section        0  rtx_mutex.o(i.svcRtxMutexAcquire)
    i.svcRtxMutexDelete                      0x08004a94   Section        0  rtx_mutex.o(i.svcRtxMutexDelete)
    i.svcRtxMutexNew                         0x08004b68   Section        0  rtx_mutex.o(i.svcRtxMutexNew)
    i.svcRtxMutexRelease                     0x08004c00   Section        0  rtx_mutex.o(i.svcRtxMutexRelease)
    x$fpl$fpinit                             0x08004cfc   Section       10  fpinit.o(x$fpl$fpinit)
    $v0                                      0x08004cfc   Number         0  fpinit.o(x$fpl$fpinit)
    .constdata                               0x08004d08   Section       36  rtx_lib.o(.constdata)
    os_idle_thread_attr                      0x08004d08   Data          36  rtx_lib.o(.constdata)
    .constdata                               0x08004d2c   Section       36  rtx_lib.o(.constdata)
    os_timer_thread_attr                     0x08004d2c   Data          36  rtx_lib.o(.constdata)
    .constdata                               0x08004d50   Section       24  rtx_lib.o(.constdata)
    os_timer_mq_attr                         0x08004d50   Data          24  rtx_lib.o(.constdata)
    .constdata                               0x08004d68   Section        4  rtx_lib.o(.constdata)
    .constdata                               0x08004d6c   Section       16  stm32f4xx_hal_rcc.o(.constdata)
    .conststrlit                             0x08004d7c   Section       11  rtx_kernel.o(.conststrlit)
    .rodata                                  0x08004d88   Section      104  rtx_lib.o(.rodata)
    __tagsym$$used                           0x08004d88   Number         0  rtx_lib.o(.rodata)
    .bss.os                                  0x20000000   Section     4096  rtx_lib.o(.bss.os)
    os_mem                                   0x20000000   Data        4096  rtx_lib.o(.bss.os)
    .bss.os                                  0x20001000   Section       64  rtx_lib.o(.bss.os)
    os_isr_queue                             0x20001000   Data          64  rtx_lib.o(.bss.os)
    .bss.os.msgqueue.cb                      0x20001040   Section       52  rtx_lib.o(.bss.os.msgqueue.cb)
    os_timer_mq_cb                           0x20001040   Data          52  rtx_lib.o(.bss.os.msgqueue.cb)
    .bss.os.msgqueue.mem                     0x20001074   Section       80  rtx_lib.o(.bss.os.msgqueue.mem)
    os_timer_mq_data                         0x20001074   Data          80  rtx_lib.o(.bss.os.msgqueue.mem)
    .bss.os.thread.cb                        0x200010c4   Section       68  rtx_lib.o(.bss.os.thread.cb)
    os_idle_thread_cb                        0x200010c4   Data          68  rtx_lib.o(.bss.os.thread.cb)
    .bss.os.thread.cb                        0x20001108   Section       68  rtx_lib.o(.bss.os.thread.cb)
    os_timer_thread_cb                       0x20001108   Data          68  rtx_lib.o(.bss.os.thread.cb)
    .bss.os.thread.stack                     0x20001150   Section      200  rtx_lib.o(.bss.os.thread.stack)
    os_idle_thread_stack                     0x20001150   Data         200  rtx_lib.o(.bss.os.thread.stack)
    .bss.os.thread.stack                     0x20001218   Section      200  rtx_lib.o(.bss.os.thread.stack)
    os_timer_thread_stack                    0x20001218   Data         200  rtx_lib.o(.bss.os.thread.stack)
    .data                                    0x200012e0   Section        1  rtx_lib.o(.data)
    os_kernel_active                         0x200012e0   Data           1  rtx_lib.o(.data)
    .data                                    0x200012e4   Section        4  system_stm32f4xx.o(.data)
    .data                                    0x200012e8   Section        4  stm32f4xx_hal.o(.data)
    .data                                    0x200012ec   Section        4  stm32f4xx_hal_msp.o(.data)
    HAL_RCC_CAN1_CLK_ENABLED                 0x200012ec   Data           4  stm32f4xx_hal_msp.o(.data)
    .data.os                                 0x200012f0   Section      168  rtx_kernel.o(.data.os)
    .bss                                     0x20001398   Section     1476  main.o(.bss)
    .bss                                     0x2000195c   Section       96  libspace.o(.bss)
    HEAP                                     0x200019c0   Section      512  startup_stm32f429xx.o(HEAP)
    Heap_Mem                                 0x200019c0   Data         512  startup_stm32f429xx.o(HEAP)
    STACK                                    0x20001bc0   Section     1024  startup_stm32f429xx.o(STACK)
    Stack_Mem                                0x20001bc0   Data        1024  startup_stm32f429xx.o(STACK)
    __initial_sp                             0x20001fc0   Data           0  startup_stm32f429xx.o(STACK)

    Global Symbols

    Symbol Name                              Value     Ov Type        Size  Object(Section)

    BuildAttributes$$THM_ISAv4$E$P$D$K$B$S$7EM$VFPi3$EXTD16$VFPS$VFMA$PE$A:L22UL41UL21$X:L11$S22US41US21$IEEE1$IW$USESV6$~STKCKD$USESV7$~SHL$OSPACE$ROPI$EBA8$UX$STANDARDLIB$REQ8$PRES8$EABIv2 0x00000000   Number         0  anon$$obj.o ABSOLUTE
    __ARM_use_no_argv                        0x00000000   Number         0  main.o ABSOLUTE
    __ARM_exceptions_init                     - Undefined Weak Reference
    __alloca_initialize                       - Undefined Weak Reference
    __arm_preinit_                            - Undefined Weak Reference
    __cpp_initialize__aeabi_                  - Undefined Weak Reference
    __cxa_finalize                            - Undefined Weak Reference
    __rt_locale                               - Undefined Weak Reference
    __sigvec_lookup                           - Undefined Weak Reference
    _atexit_init                              - Undefined Weak Reference
    _call_atexit_fns                          - Undefined Weak Reference
    _clock_init                               - Undefined Weak Reference
    _fp_trap_init                             - Undefined Weak Reference
    _fp_trap_shutdown                         - Undefined Weak Reference
    _get_lc_collate                           - Undefined Weak Reference
    _get_lc_ctype                             - Undefined Weak Reference
    _get_lc_monetary                          - Undefined Weak Reference
    _get_lc_numeric                           - Undefined Weak Reference
    _get_lc_time                              - Undefined Weak Reference
    _getenv_init                              - Undefined Weak Reference
    _handle_redirection                       - Undefined Weak Reference
    _init_alloc                               - Undefined Weak Reference
    _init_user_alloc                          - Undefined Weak Reference
    _initio                                   - Undefined Weak Reference
    _rand_init                                - Undefined Weak Reference
    _signal_finish                            - Undefined Weak Reference
    _signal_init                              - Undefined Weak Reference
    _terminate_alloc                          - Undefined Weak Reference
    _terminate_user_alloc                     - Undefined Weak Reference
    _terminateio                              - Undefined Weak Reference
    __Vectors_Size                           0x000001ac   Number         0  startup_stm32f429xx.o ABSOLUTE
    __Vectors                                0x08000000   Data           4  startup_stm32f429xx.o(RESET)
    __Vectors_End                            0x080001ac   Data           0  startup_stm32f429xx.o(RESET)
    __main                                   0x080001ad   Thumb Code     8  __main.o(!!!main)
    __scatterload                            0x080001b5   Thumb Code     0  __scatter.o(!!!scatter)
    __scatterload_rt2                        0x080001b5   Thumb Code    44  __scatter.o(!!!scatter)
    __scatterload_rt2_thumb_only             0x080001b5   Thumb Code     0  __scatter.o(!!!scatter)
    __scatterload_null                       0x080001c3   Thumb Code     0  __scatter.o(!!!scatter)
    __decompress                             0x080001e9   Thumb Code    58  __dczerorl.o(!!dczerorl)
    __decompress0                            0x080001e9   Thumb Code     0  __dczerorl.o(!!dczerorl)
    __scatterload_zeroinit                   0x08000225   Thumb Code    28  __scatter_zi.o(!!handler_zi)
    __rt_lib_init                            0x08000241   Thumb Code     0  libinit.o(.ARM.Collect$$libinit$$00000000)
    __rt_lib_init_fp_1                       0x08000243   Thumb Code     0  libinit2.o(.ARM.Collect$$libinit$$00000001)
    __rt_lib_init_alloca_1                   0x08000247   Thumb Code     0  libinit2.o(.ARM.Collect$$libinit$$0000002E)
    __rt_lib_init_argv_1                     0x08000247   Thumb Code     0  libinit2.o(.ARM.Collect$$libinit$$0000002C)
    __rt_lib_init_atexit_1                   0x08000247   Thumb Code     0  libinit2.o(.ARM.Collect$$libinit$$0000001B)
    __rt_lib_init_clock_1                    0x08000247   Thumb Code     0  libinit2.o(.ARM.Collect$$libinit$$00000021)
    __rt_lib_init_cpp_1                      0x08000247   Thumb Code     0  libinit2.o(.ARM.Collect$$libinit$$00000032)
    __rt_lib_init_exceptions_1               0x08000247   Thumb Code     0  libinit2.o(.ARM.Collect$$libinit$$00000030)
    __rt_lib_init_fp_trap_1                  0x08000247   Thumb Code     0  libinit2.o(.ARM.Collect$$libinit$$0000001F)
    __rt_lib_init_getenv_1                   0x08000247   Thumb Code     0  libinit2.o(.ARM.Collect$$libinit$$00000023)
    __rt_lib_init_heap_1                     0x08000247   Thumb Code     0  libinit2.o(.ARM.Collect$$libinit$$0000000A)
    __rt_lib_init_lc_collate_1               0x08000247   Thumb Code     0  libinit2.o(.ARM.Collect$$libinit$$00000011)
    __rt_lib_init_lc_ctype_1                 0x08000247   Thumb Code     0  libinit2.o(.ARM.Collect$$libinit$$00000013)
    __rt_lib_init_lc_monetary_1              0x08000247   Thumb Code     0  libinit2.o(.ARM.Collect$$libinit$$00000015)
    __rt_lib_init_lc_numeric_1               0x08000247   Thumb Code     0  libinit2.o(.ARM.Collect$$libinit$$00000017)
    __rt_lib_init_lc_time_1                  0x08000247   Thumb Code     0  libinit2.o(.ARM.Collect$$libinit$$00000019)
    __rt_lib_init_preinit_1                  0x08000247   Thumb Code     0  libinit2.o(.ARM.Collect$$libinit$$00000004)
    __rt_lib_init_rand_1                     0x08000247   Thumb Code     0  libinit2.o(.ARM.Collect$$libinit$$0000000E)
    __rt_lib_init_return                     0x08000247   Thumb Code     0  libinit2.o(.ARM.Collect$$libinit$$00000033)
    __rt_lib_init_signal_1                   0x08000247   Thumb Code     0  libinit2.o(.ARM.Collect$$libinit$$0000001D)
    __rt_lib_init_stdio_1                    0x08000247   Thumb Code     0  libinit2.o(.ARM.Collect$$libinit$$00000025)
    __rt_lib_init_user_alloc_1               0x08000247   Thumb Code     0  libinit2.o(.ARM.Collect$$libinit$$0000000C)
    __rt_lib_shutdown                        0x08000249   Thumb Code     0  libshutdown.o(.ARM.Collect$$libshutdown$$00000000)
    __rt_lib_shutdown_cpp_1                  0x0800024b   Thumb Code     0  libshutdown2.o(.ARM.Collect$$libshutdown$$00000002)
    __rt_lib_shutdown_fp_trap_1              0x0800024b   Thumb Code     0  libshutdown2.o(.ARM.Collect$$libshutdown$$00000007)
    __rt_lib_shutdown_heap_1                 0x0800024b   Thumb Code     0  libshutdown2.o(.ARM.Collect$$libshutdown$$0000000F)
    __rt_lib_shutdown_return                 0x0800024b   Thumb Code     0  libshutdown2.o(.ARM.Collect$$libshutdown$$00000010)
    __rt_lib_shutdown_signal_1               0x0800024b   Thumb Code     0  libshutdown2.o(.ARM.Collect$$libshutdown$$0000000A)
    __rt_lib_shutdown_stdio_1                0x0800024b   Thumb Code     0  libshutdown2.o(.ARM.Collect$$libshutdown$$00000004)
    __rt_lib_shutdown_user_alloc_1           0x0800024b   Thumb Code     0  libshutdown2.o(.ARM.Collect$$libshutdown$$0000000C)
    __rt_entry                               0x0800024d   Thumb Code     0  __rtentry.o(.ARM.Collect$$rtentry$$00000000)
    __rt_entry_presh_1                       0x0800024d   Thumb Code     0  __rtentry2.o(.ARM.Collect$$rtentry$$00000002)
    __rt_entry_sh                            0x0800024d   Thumb Code     0  __rtentry4.o(.ARM.Collect$$rtentry$$00000004)
    __rt_entry_postsh_1                      0x08000253   Thumb Code     0  __rtentry2.o(.ARM.Collect$$rtentry$$00000008)
    __rt_entry_li                            0x0800025b   Thumb Code     0  __rtentry2.o(.ARM.Collect$$rtentry$$0000000A)
    __rt_entry_main                          0x0800025f   Thumb Code     0  __rtentry2.o(.ARM.Collect$$rtentry$$0000000D)
    __rt_entry_postli_1                      0x0800025f   Thumb Code     0  __rtentry2.o(.ARM.Collect$$rtentry$$0000000C)
    __rt_exit                                0x08000267   Thumb Code     0  rtexit.o(.ARM.Collect$$rtexit$$00000000)
    __rt_exit_ls                             0x08000269   Thumb Code     0  rtexit2.o(.ARM.Collect$$rtexit$$00000003)
    __rt_exit_prels_1                        0x08000269   Thumb Code     0  rtexit2.o(.ARM.Collect$$rtexit$$00000002)
    __rt_exit_exit                           0x0800026d   Thumb Code     0  rtexit2.o(.ARM.Collect$$rtexit$$00000004)
    __asm___13_rtx_mempool_c_7914b4c7__atomic_wr8 0x08000275   Thumb Code    16  rtx_mempool.o(.emb_text)
    __asm___13_rtx_mempool_c_7914b4c7__atomic_set32 0x08000285   Thumb Code    20  rtx_mempool.o(.emb_text)
    __asm___13_rtx_mempool_c_7914b4c7__atomic_clr32 0x08000299   Thumb Code    22  rtx_mempool.o(.emb_text)
    __asm___13_rtx_mempool_c_7914b4c7__atomic_chk32_all 0x080002af   Thumb Code    38  rtx_mempool.o(.emb_text)
    __asm___13_rtx_mempool_c_7914b4c7__atomic_chk32_any 0x080002d5   Thumb Code    34  rtx_mempool.o(.emb_text)
    __asm___13_rtx_mempool_c_7914b4c7__atomic_inc32 0x080002f7   Thumb Code    18  rtx_mempool.o(.emb_text)
    __asm___13_rtx_mempool_c_7914b4c7__atomic_inc32_lt 0x08000309   Thumb Code    30  rtx_mempool.o(.emb_text)
    __asm___13_rtx_mempool_c_7914b4c7__atomic_inc16_lt 0x08000327   Thumb Code    30  rtx_mempool.o(.emb_text)
    __asm___13_rtx_mempool_c_7914b4c7__atomic_inc16_lim 0x08000345   Thumb Code    26  rtx_mempool.o(.emb_text)
    __asm___13_rtx_mempool_c_7914b4c7__atomic_dec32_nz 0x0800035f   Thumb Code    26  rtx_mempool.o(.emb_text)
    __asm___13_rtx_mempool_c_7914b4c7__atomic_dec16_nz 0x08000379   Thumb Code    26  rtx_mempool.o(.emb_text)
    __asm___13_rtx_mempool_c_7914b4c7__atomic_link_get 0x08000393   Thumb Code    26  rtx_mempool.o(.emb_text)
    __asm___13_rtx_mempool_c_7914b4c7__atomic_link_put 0x080003ad   Thumb Code    28  rtx_mempool.o(.emb_text)
    __asm___14_rtx_msgqueue_c_3fd3b50e__atomic_wr8 0x080003c9   Thumb Code    16  rtx_msgqueue.o(.emb_text)
    __asm___14_rtx_msgqueue_c_3fd3b50e__atomic_set32 0x080003d9   Thumb Code    20  rtx_msgqueue.o(.emb_text)
    __asm___14_rtx_msgqueue_c_3fd3b50e__atomic_clr32 0x080003ed   Thumb Code    22  rtx_msgqueue.o(.emb_text)
    __asm___14_rtx_msgqueue_c_3fd3b50e__atomic_chk32_all 0x08000403   Thumb Code    38  rtx_msgqueue.o(.emb_text)
    __asm___14_rtx_msgqueue_c_3fd3b50e__atomic_chk32_any 0x08000429   Thumb Code    34  rtx_msgqueue.o(.emb_text)
    __asm___14_rtx_msgqueue_c_3fd3b50e__atomic_inc32 0x0800044b   Thumb Code    18  rtx_msgqueue.o(.emb_text)
    __asm___14_rtx_msgqueue_c_3fd3b50e__atomic_inc32_lt 0x0800045d   Thumb Code    30  rtx_msgqueue.o(.emb_text)
    __asm___14_rtx_msgqueue_c_3fd3b50e__atomic_inc16_lt 0x0800047b   Thumb Code    30  rtx_msgqueue.o(.emb_text)
    __asm___14_rtx_msgqueue_c_3fd3b50e__atomic_inc16_lim 0x08000499   Thumb Code    26  rtx_msgqueue.o(.emb_text)
    __asm___14_rtx_msgqueue_c_3fd3b50e__atomic_dec32_nz 0x080004b3   Thumb Code    26  rtx_msgqueue.o(.emb_text)
    __asm___14_rtx_msgqueue_c_3fd3b50e__atomic_dec16_nz 0x080004cd   Thumb Code    26  rtx_msgqueue.o(.emb_text)
    __asm___14_rtx_msgqueue_c_3fd3b50e__atomic_link_get 0x080004e7   Thumb Code    26  rtx_msgqueue.o(.emb_text)
    __asm___14_rtx_msgqueue_c_3fd3b50e__atomic_link_put 0x08000501   Thumb Code    28  rtx_msgqueue.o(.emb_text)
    __asm___12_rtx_system_c_024f2f18__atomic_wr8 0x0800051d   Thumb Code    16  rtx_system.o(.emb_text)
    __asm___12_rtx_system_c_024f2f18__atomic_set32 0x0800052d   Thumb Code    20  rtx_system.o(.emb_text)
    __asm___12_rtx_system_c_024f2f18__atomic_clr32 0x08000541   Thumb Code    22  rtx_system.o(.emb_text)
    __asm___12_rtx_system_c_024f2f18__atomic_chk32_all 0x08000557   Thumb Code    38  rtx_system.o(.emb_text)
    __asm___12_rtx_system_c_024f2f18__atomic_chk32_any 0x0800057d   Thumb Code    34  rtx_system.o(.emb_text)
    __asm___12_rtx_system_c_024f2f18__atomic_inc32 0x0800059f   Thumb Code    18  rtx_system.o(.emb_text)
    __asm___12_rtx_system_c_024f2f18__atomic_inc32_lt 0x080005b1   Thumb Code    30  rtx_system.o(.emb_text)
    __asm___12_rtx_system_c_024f2f18__atomic_inc16_lt 0x080005cf   Thumb Code    30  rtx_system.o(.emb_text)
    __asm___12_rtx_system_c_024f2f18__atomic_inc16_lim 0x080005ed   Thumb Code    26  rtx_system.o(.emb_text)
    __asm___12_rtx_system_c_024f2f18__atomic_dec32_nz 0x08000607   Thumb Code    26  rtx_system.o(.emb_text)
    __asm___12_rtx_system_c_024f2f18__atomic_dec16_nz 0x08000621   Thumb Code    26  rtx_system.o(.emb_text)
    __asm___12_rtx_system_c_024f2f18__atomic_link_get 0x0800063b   Thumb Code    26  rtx_system.o(.emb_text)
    __asm___12_rtx_system_c_024f2f18__atomic_link_put 0x08000655   Thumb Code    28  rtx_system.o(.emb_text)
    SVC_Handler                              0x08000671   Thumb Code   140  irq_cm4f.o(.text)
    PendSV_Handler                           0x080006fd   Thumb Code    16  irq_cm4f.o(.text)
    SysTick_Handler                          0x0800070d   Thumb Code    16  irq_cm4f.o(.text)
    Reset_Handler                            0x08000729   Thumb Code     8  startup_stm32f429xx.o(.text)
    ADC_IRQHandler                           0x08000743   Thumb Code     0  startup_stm32f429xx.o(.text)
    CAN1_RX0_IRQHandler                      0x08000743   Thumb Code     0  startup_stm32f429xx.o(.text)
    CAN1_RX1_IRQHandler                      0x08000743   Thumb Code     0  startup_stm32f429xx.o(.text)
    CAN1_SCE_IRQHandler                      0x08000743   Thumb Code     0  startup_stm32f429xx.o(.text)
    CAN1_TX_IRQHandler                       0x08000743   Thumb Code     0  startup_stm32f429xx.o(.text)
    CAN2_RX0_IRQHandler                      0x08000743   Thumb Code     0  startup_stm32f429xx.o(.text)
    CAN2_RX1_IRQHandler                      0x08000743   Thumb Code     0  startup_stm32f429xx.o(.text)
    CAN2_SCE_IRQHandler                      0x08000743   Thumb Code     0  startup_stm32f429xx.o(.text)
    CAN2_TX_IRQHandler                       0x08000743   Thumb Code     0  startup_stm32f429xx.o(.text)
    DCMI_IRQHandler                          0x08000743   Thumb Code     0  startup_stm32f429xx.o(.text)
    DMA1_Stream0_IRQHandler                  0x08000743   Thumb Code     0  startup_stm32f429xx.o(.text)
    DMA1_Stream1_IRQHandler                  0x08000743   Thumb Code     0  startup_stm32f429xx.o(.text)
    DMA1_Stream2_IRQHandler                  0x08000743   Thumb Code     0  startup_stm32f429xx.o(.text)
    DMA1_Stream3_IRQHandler                  0x08000743   Thumb Code     0  startup_stm32f429xx.o(.text)
    DMA1_Stream4_IRQHandler                  0x08000743   Thumb Code     0  startup_stm32f429xx.o(.text)
    DMA1_Stream5_IRQHandler                  0x08000743   Thumb Code     0  startup_stm32f429xx.o(.text)
    DMA1_Stream6_IRQHandler                  0x08000743   Thumb Code     0  startup_stm32f429xx.o(.text)
    DMA1_Stream7_IRQHandler                  0x08000743   Thumb Code     0  startup_stm32f429xx.o(.text)
    DMA2D_IRQHandler                         0x08000743   Thumb Code     0  startup_stm32f429xx.o(.text)
    DMA2_Stream0_IRQHandler                  0x08000743   Thumb Code     0  startup_stm32f429xx.o(.text)
    DMA2_Stream1_IRQHandler                  0x08000743   Thumb Code     0  startup_stm32f429xx.o(.text)
    DMA2_Stream2_IRQHandler                  0x08000743   Thumb Code     0  startup_stm32f429xx.o(.text)
    DMA2_Stream3_IRQHandler                  0x08000743   Thumb Code     0  startup_stm32f429xx.o(.text)
    DMA2_Stream4_IRQHandler                  0x08000743   Thumb Code     0  startup_stm32f429xx.o(.text)
    DMA2_Stream5_IRQHandler                  0x08000743   Thumb Code     0  startup_stm32f429xx.o(.text)
    DMA2_Stream6_IRQHandler                  0x08000743   Thumb Code     0  startup_stm32f429xx.o(.text)
    DMA2_Stream7_IRQHandler                  0x08000743   Thumb Code     0  startup_stm32f429xx.o(.text)
    ETH_IRQHandler                           0x08000743   Thumb Code     0  startup_stm32f429xx.o(.text)
    ETH_WKUP_IRQHandler                      0x08000743   Thumb Code     0  startup_stm32f429xx.o(.text)
    EXTI0_IRQHandler                         0x08000743   Thumb Code     0  startup_stm32f429xx.o(.text)
    EXTI15_10_IRQHandler                     0x08000743   Thumb Code     0  startup_stm32f429xx.o(.text)
    EXTI1_IRQHandler                         0x08000743   Thumb Code     0  startup_stm32f429xx.o(.text)
    EXTI2_IRQHandler                         0x08000743   Thumb Code     0  startup_stm32f429xx.o(.text)
    EXTI3_IRQHandler                         0x08000743   Thumb Code     0  startup_stm32f429xx.o(.text)
    EXTI4_IRQHandler                         0x08000743   Thumb Code     0  startup_stm32f429xx.o(.text)
    EXTI9_5_IRQHandler                       0x08000743   Thumb Code     0  startup_stm32f429xx.o(.text)
    FLASH_IRQHandler                         0x08000743   Thumb Code     0  startup_stm32f429xx.o(.text)
    FMC_IRQHandler                           0x08000743   Thumb Code     0  startup_stm32f429xx.o(.text)
    FPU_IRQHandler                           0x08000743   Thumb Code     0  startup_stm32f429xx.o(.text)
    HASH_RNG_IRQHandler                      0x08000743   Thumb Code     0  startup_stm32f429xx.o(.text)
    I2C1_ER_IRQHandler                       0x08000743   Thumb Code     0  startup_stm32f429xx.o(.text)
    I2C1_EV_IRQHandler                       0x08000743   Thumb Code     0  startup_stm32f429xx.o(.text)
    I2C2_ER_IRQHandler                       0x08000743   Thumb Code     0  startup_stm32f429xx.o(.text)
    I2C2_EV_IRQHandler                       0x08000743   Thumb Code     0  startup_stm32f429xx.o(.text)
    I2C3_ER_IRQHandler                       0x08000743   Thumb Code     0  startup_stm32f429xx.o(.text)
    I2C3_EV_IRQHandler                       0x08000743   Thumb Code     0  startup_stm32f429xx.o(.text)
    LTDC_ER_IRQHandler                       0x08000743   Thumb Code     0  startup_stm32f429xx.o(.text)
    LTDC_IRQHandler                          0x08000743   Thumb Code     0  startup_stm32f429xx.o(.text)
    OTG_FS_IRQHandler                        0x08000743   Thumb Code     0  startup_stm32f429xx.o(.text)
    OTG_FS_WKUP_IRQHandler                   0x08000743   Thumb Code     0  startup_stm32f429xx.o(.text)
    OTG_HS_EP1_IN_IRQHandler                 0x08000743   Thumb Code     0  startup_stm32f429xx.o(.text)
    OTG_HS_EP1_OUT_IRQHandler                0x08000743   Thumb Code     0  startup_stm32f429xx.o(.text)
    OTG_HS_IRQHandler                        0x08000743   Thumb Code     0  startup_stm32f429xx.o(.text)
    OTG_HS_WKUP_IRQHandler                   0x08000743   Thumb Code     0  startup_stm32f429xx.o(.text)
    PVD_IRQHandler                           0x08000743   Thumb Code     0  startup_stm32f429xx.o(.text)
    RCC_IRQHandler                           0x08000743   Thumb Code     0  startup_stm32f429xx.o(.text)
    RTC_Alarm_IRQHandler                     0x08000743   Thumb Code     0  startup_stm32f429xx.o(.text)
    RTC_WKUP_IRQHandler                      0x08000743   Thumb Code     0  startup_stm32f429xx.o(.text)
    SAI1_IRQHandler                          0x08000743   Thumb Code     0  startup_stm32f429xx.o(.text)
    SDIO_IRQHandler                          0x08000743   Thumb Code     0  startup_stm32f429xx.o(.text)
    SPI1_IRQHandler                          0x08000743   Thumb Code     0  startup_stm32f429xx.o(.text)
    SPI2_IRQHandler                          0x08000743   Thumb Code     0  startup_stm32f429xx.o(.text)
    SPI3_IRQHandler                          0x08000743   Thumb Code     0  startup_stm32f429xx.o(.text)
    SPI4_IRQHandler                          0x08000743   Thumb Code     0  startup_stm32f429xx.o(.text)
    SPI5_IRQHandler                          0x08000743   Thumb Code     0  startup_stm32f429xx.o(.text)
    SPI6_IRQHandler                          0x08000743   Thumb Code     0  startup_stm32f429xx.o(.text)
    TAMP_STAMP_IRQHandler                    0x08000743   Thumb Code     0  startup_stm32f429xx.o(.text)
    TIM1_BRK_TIM9_IRQHandler                 0x08000743   Thumb Code     0  startup_stm32f429xx.o(.text)
    TIM1_CC_IRQHandler                       0x08000743   Thumb Code     0  startup_stm32f429xx.o(.text)
    TIM1_TRG_COM_TIM11_IRQHandler            0x08000743   Thumb Code     0  startup_stm32f429xx.o(.text)
    TIM1_UP_TIM10_IRQHandler                 0x08000743   Thumb Code     0  startup_stm32f429xx.o(.text)
    TIM2_IRQHandler                          0x08000743   Thumb Code     0  startup_stm32f429xx.o(.text)
    TIM3_IRQHandler                          0x08000743   Thumb Code     0  startup_stm32f429xx.o(.text)
    TIM4_IRQHandler                          0x08000743   Thumb Code     0  startup_stm32f429xx.o(.text)
    TIM5_IRQHandler                          0x08000743   Thumb Code     0  startup_stm32f429xx.o(.text)
    TIM6_DAC_IRQHandler                      0x08000743   Thumb Code     0  startup_stm32f429xx.o(.text)
    TIM7_IRQHandler                          0x08000743   Thumb Code     0  startup_stm32f429xx.o(.text)
    TIM8_BRK_TIM12_IRQHandler                0x08000743   Thumb Code     0  startup_stm32f429xx.o(.text)
    TIM8_CC_IRQHandler                       0x08000743   Thumb Code     0  startup_stm32f429xx.o(.text)
    TIM8_TRG_COM_TIM14_IRQHandler            0x08000743   Thumb Code     0  startup_stm32f429xx.o(.text)
    TIM8_UP_TIM13_IRQHandler                 0x08000743   Thumb Code     0  startup_stm32f429xx.o(.text)
    UART4_IRQHandler                         0x08000743   Thumb Code     0  startup_stm32f429xx.o(.text)
    UART5_IRQHandler                         0x08000743   Thumb Code     0  startup_stm32f429xx.o(.text)
    UART7_IRQHandler                         0x08000743   Thumb Code     0  startup_stm32f429xx.o(.text)
    UART8_IRQHandler                         0x08000743   Thumb Code     0  startup_stm32f429xx.o(.text)
    USART1_IRQHandler                        0x08000743   Thumb Code     0  startup_stm32f429xx.o(.text)
    USART2_IRQHandler                        0x08000743   Thumb Code     0  startup_stm32f429xx.o(.text)
    USART3_IRQHandler                        0x08000743   Thumb Code     0  startup_stm32f429xx.o(.text)
    USART6_IRQHandler                        0x08000743   Thumb Code     0  startup_stm32f429xx.o(.text)
    WWDG_IRQHandler                          0x08000743   Thumb Code     0  startup_stm32f429xx.o(.text)
    __user_initial_stackheap                 0x08000745   Thumb Code     0  startup_stm32f429xx.o(.text)
    __aeabi_memcpy                           0x08000769   Thumb Code     0  rt_memcpy_v6.o(.text)
    __rt_memcpy                              0x08000769   Thumb Code   138  rt_memcpy_v6.o(.text)
    _memcpy_lastbytes                        0x080007cf   Thumb Code     0  rt_memcpy_v6.o(.text)
    __aeabi_memclr4                          0x080007f3   Thumb Code     0  rt_memclr_w.o(.text)
    __aeabi_memclr8                          0x080007f3   Thumb Code     0  rt_memclr_w.o(.text)
    __rt_memclr_w                            0x080007f3   Thumb Code    78  rt_memclr_w.o(.text)
    _memset_w                                0x080007f7   Thumb Code     0  rt_memclr_w.o(.text)
    __use_two_region_memory                  0x08000841   Thumb Code     2  heapauxi.o(.text)
    __rt_heap_escrow$2region                 0x08000843   Thumb Code     2  heapauxi.o(.text)
    __rt_heap_expand$2region                 0x08000845   Thumb Code     2  heapauxi.o(.text)
    __aeabi_memcpy4                          0x08000847   Thumb Code     0  rt_memcpy_w.o(.text)
    __aeabi_memcpy8                          0x08000847   Thumb Code     0  rt_memcpy_w.o(.text)
    __rt_memcpy_w                            0x08000847   Thumb Code   100  rt_memcpy_w.o(.text)
    _memcpy_lastbytes_aligned                0x0800088f   Thumb Code     0  rt_memcpy_w.o(.text)
    __user_setup_stackheap                   0x080008ab   Thumb Code    74  sys_stackheap_outer.o(.text)
    exit                                     0x080008f5   Thumb Code    18  exit.o(.text)
    __user_libspace                          0x08000909   Thumb Code     8  libspace.o(.text)
    __user_perproc_libspace                  0x08000909   Thumb Code     0  libspace.o(.text)
    _sys_exit                                0x08000911   Thumb Code     8  sys_exit.o(.text)
    __I$use$semihosting                      0x0800091d   Thumb Code     0  use_no_semi.o(.text)
    __use_no_semihosting_swi                 0x0800091d   Thumb Code     2  use_no_semi.o(.text)
    __semihosting_library_function           0x0800091f   Thumb Code     0  indicate_semi.o(.text)
    BusFault_Handler                         0x08000a59   Thumb Code     2  stm32f4xx_it.o(i.BusFault_Handler)
    DebugMon_Handler                         0x08000a5b   Thumb Code     2  stm32f4xx_it.o(i.DebugMon_Handler)
    EvrRtxEventFlagsWaitTimeout              0x08000a5d   Thumb Code     2  rtx_evr.o(i.EvrRtxEventFlagsWaitTimeout)
    EvrRtxKernelError                        0x08000a5f   Thumb Code     2  rtx_evr.o(i.EvrRtxKernelError)
    EvrRtxKernelGetState                     0x08000a61   Thumb Code     2  rtx_evr.o(i.EvrRtxKernelGetState)
    EvrRtxKernelInitialize                   0x08000a63   Thumb Code     2  rtx_evr.o(i.EvrRtxKernelInitialize)
    EvrRtxKernelInitializeCompleted          0x08000a65   Thumb Code     2  rtx_evr.o(i.EvrRtxKernelInitializeCompleted)
    EvrRtxMemoryAlloc                        0x08000a67   Thumb Code     2  rtx_evr.o(i.EvrRtxMemoryAlloc)
    EvrRtxMemoryBlockAlloc                   0x08000a69   Thumb Code     2  rtx_evr.o(i.EvrRtxMemoryBlockAlloc)
    EvrRtxMemoryBlockFree                    0x08000a6b   Thumb Code     2  rtx_evr.o(i.EvrRtxMemoryBlockFree)
    EvrRtxMemoryBlockInit                    0x08000a6d   Thumb Code     2  rtx_evr.o(i.EvrRtxMemoryBlockInit)
    EvrRtxMemoryFree                         0x08000a6f   Thumb Code     2  rtx_evr.o(i.EvrRtxMemoryFree)
    EvrRtxMemoryInit                         0x08000a71   Thumb Code     2  rtx_evr.o(i.EvrRtxMemoryInit)
    EvrRtxMemoryPoolAllocTimeout             0x08000a73   Thumb Code     2  rtx_evr.o(i.EvrRtxMemoryPoolAllocTimeout)
    EvrRtxMessageQueueError                  0x08000a75   Thumb Code     2  rtx_evr.o(i.EvrRtxMessageQueueError)
    EvrRtxMessageQueueGetTimeout             0x08000a77   Thumb Code     2  rtx_evr.o(i.EvrRtxMessageQueueGetTimeout)
    EvrRtxMessageQueueInsertPending          0x08000a79   Thumb Code     2  rtx_evr.o(i.EvrRtxMessageQueueInsertPending)
    EvrRtxMessageQueueInserted               0x08000a7b   Thumb Code     2  rtx_evr.o(i.EvrRtxMessageQueueInserted)
    EvrRtxMessageQueueNotInserted            0x08000a7d   Thumb Code     2  rtx_evr.o(i.EvrRtxMessageQueueNotInserted)
    EvrRtxMessageQueuePut                    0x08000a7f   Thumb Code     2  rtx_evr.o(i.EvrRtxMessageQueuePut)
    EvrRtxMessageQueuePutPending             0x08000a81   Thumb Code     2  rtx_evr.o(i.EvrRtxMessageQueuePutPending)
    EvrRtxMessageQueuePutTimeout             0x08000a83   Thumb Code     2  rtx_evr.o(i.EvrRtxMessageQueuePutTimeout)
    EvrRtxMessageQueueRetrieved              0x08000a85   Thumb Code     2  rtx_evr.o(i.EvrRtxMessageQueueRetrieved)
    EvrRtxMutexAcquire                       0x08000a87   Thumb Code     2  rtx_evr.o(i.EvrRtxMutexAcquire)
    EvrRtxMutexAcquirePending                0x08000a89   Thumb Code     2  rtx_evr.o(i.EvrRtxMutexAcquirePending)
    EvrRtxMutexAcquireTimeout                0x08000a8b   Thumb Code     2  rtx_evr.o(i.EvrRtxMutexAcquireTimeout)
    EvrRtxMutexAcquired                      0x08000a8d   Thumb Code     2  rtx_evr.o(i.EvrRtxMutexAcquired)
    EvrRtxMutexCreated                       0x08000a8f   Thumb Code     2  rtx_evr.o(i.EvrRtxMutexCreated)
    EvrRtxMutexDelete                        0x08000a91   Thumb Code     2  rtx_evr.o(i.EvrRtxMutexDelete)
    EvrRtxMutexDestroyed                     0x08000a93   Thumb Code     2  rtx_evr.o(i.EvrRtxMutexDestroyed)
    EvrRtxMutexError                         0x08000a95   Thumb Code     2  rtx_evr.o(i.EvrRtxMutexError)
    EvrRtxMutexNew                           0x08000a97   Thumb Code     2  rtx_evr.o(i.EvrRtxMutexNew)
    EvrRtxMutexNotAcquired                   0x08000a99   Thumb Code     2  rtx_evr.o(i.EvrRtxMutexNotAcquired)
    EvrRtxMutexRelease                       0x08000a9b   Thumb Code     2  rtx_evr.o(i.EvrRtxMutexRelease)
    EvrRtxMutexReleased                      0x08000a9d   Thumb Code     2  rtx_evr.o(i.EvrRtxMutexReleased)
    EvrRtxSemaphoreAcquireTimeout            0x08000a9f   Thumb Code     2  rtx_evr.o(i.EvrRtxSemaphoreAcquireTimeout)
    EvrRtxThreadBlocked                      0x08000aa1   Thumb Code     2  rtx_evr.o(i.EvrRtxThreadBlocked)
    EvrRtxThreadDelayCompleted               0x08000aa3   Thumb Code     2  rtx_evr.o(i.EvrRtxThreadDelayCompleted)
    EvrRtxThreadFlagsWaitTimeout             0x08000aa5   Thumb Code     2  rtx_evr.o(i.EvrRtxThreadFlagsWaitTimeout)
    EvrRtxThreadSwitch                       0x08000aa7   Thumb Code     2  rtx_evr.o(i.EvrRtxThreadSwitch)
    EvrRtxThreadUnblocked                    0x08000aa9   Thumb Code     2  rtx_evr.o(i.EvrRtxThreadUnblocked)
    HAL_ADC_ConfigChannel                    0x08000aad   Thumb Code   334  stm32f4xx_hal_adc.o(i.HAL_ADC_ConfigChannel)
    HAL_ADC_Init                             0x08000c0d   Thumb Code    84  stm32f4xx_hal_adc.o(i.HAL_ADC_Init)
    HAL_ADC_MspInit                          0x08000c61   Thumb Code    54  stm32f4xx_hal_msp.o(i.HAL_ADC_MspInit)
    HAL_CAN_Init                             0x08000ca5   Thumb Code   386  stm32f4xx_hal_can.o(i.HAL_CAN_Init)
    HAL_CAN_MspInit                          0x08000e29   Thumb Code   148  stm32f4xx_hal_msp.o(i.HAL_CAN_MspInit)
    HAL_DAC_ConfigChannel                    0x08000ed5   Thumb Code    66  stm32f4xx_hal_dac.o(i.HAL_DAC_ConfigChannel)
    HAL_DAC_Init                             0x08000f17   Thumb Code    42  stm32f4xx_hal_dac.o(i.HAL_DAC_Init)
    HAL_DAC_MspInit                          0x08000f41   Thumb Code    54  stm32f4xx_hal_msp.o(i.HAL_DAC_MspInit)
    HAL_GPIO_Init                            0x08000f85   Thumb Code   426  stm32f4xx_hal_gpio.o(i.HAL_GPIO_Init)
    HAL_GPIO_WritePin                        0x08001165   Thumb Code    14  stm32f4xx_hal_gpio.o(i.HAL_GPIO_WritePin)
    HAL_GetTick                              0x08001175   Thumb Code     6  stm32f4xx_hal.o(i.HAL_GetTick)
    HAL_I2C_Init                             0x08001181   Thumb Code   260  stm32f4xx_hal_i2c.o(i.HAL_I2C_Init)
    HAL_I2C_MspInit                          0x0800128d   Thumb Code   104  stm32f4xx_hal_msp.o(i.HAL_I2C_MspInit)
    HAL_IncTick                              0x08001309   Thumb Code    10  stm32f4xx_hal.o(i.HAL_IncTick)
    HAL_Init                                 0x08001319   Thumb Code    48  stm32f4xx_hal.o(i.HAL_Init)
    HAL_InitTick                             0x0800134d   Thumb Code    34  stm32f4xx_hal.o(i.HAL_InitTick)
    HAL_MspInit                              0x08001375   Thumb Code    88  stm32f4xx_hal_msp.o(i.HAL_MspInit)
    HAL_MultiProcessor_Init                  0x080013cd   Thumb Code   144  stm32f4xx_hal_uart.o(i.HAL_MultiProcessor_Init)
    HAL_NVIC_SetPriority                     0x0800145d   Thumb Code    60  stm32f4xx_hal_cortex.o(i.HAL_NVIC_SetPriority)
    HAL_NVIC_SetPriorityGrouping             0x0800149d   Thumb Code    26  stm32f4xx_hal_cortex.o(i.HAL_NVIC_SetPriorityGrouping)
    HAL_PWREx_EnableOverDrive                0x080014c1   Thumb Code   126  stm32f4xx_hal_pwr_ex.o(i.HAL_PWREx_EnableOverDrive)
    HAL_RCC_ClockConfig                      0x0800154d   Thumb Code   372  stm32f4xx_hal_rcc.o(i.HAL_RCC_ClockConfig)
    HAL_RCC_GetHCLKFreq                      0x080016d1   Thumb Code     6  stm32f4xx_hal_rcc.o(i.HAL_RCC_GetHCLKFreq)
    HAL_RCC_GetPCLK1Freq                     0x080016dd   Thumb Code    36  stm32f4xx_hal_rcc.o(i.HAL_RCC_GetPCLK1Freq)
    HAL_RCC_GetPCLK2Freq                     0x08001709   Thumb Code    36  stm32f4xx_hal_rcc.o(i.HAL_RCC_GetPCLK2Freq)
    HAL_RCC_GetSysClockFreq                  0x08001735   Thumb Code   120  stm32f4xx_hal_rcc.o(i.HAL_RCC_GetSysClockFreq)
    HAL_RCC_OscConfig                        0x080017b9   Thumb Code   772  stm32f4xx_hal_rcc.o(i.HAL_RCC_OscConfig)
    HAL_SPI_Init                             0x08001acd   Thumb Code   130  stm32f4xx_hal_spi.o(i.HAL_SPI_Init)
    HAL_SPI_MspInit                          0x08001b51   Thumb Code   128  stm32f4xx_hal_msp.o(i.HAL_SPI_MspInit)
    HAL_SYSTICK_CLKSourceConfig              0x08001be9   Thumb Code    28  stm32f4xx_hal_cortex.o(i.HAL_SYSTICK_CLKSourceConfig)
    HAL_SYSTICK_Callback                     0x08001c05   Thumb Code     2  stm32f4xx_hal_cortex.o(i.HAL_SYSTICK_Callback)
    HAL_SYSTICK_Config                       0x08001c07   Thumb Code    40  stm32f4xx_hal_cortex.o(i.HAL_SYSTICK_Config)
    HAL_SYSTICK_IRQHandler                   0x08001c2f   Thumb Code     8  stm32f4xx_hal_cortex.o(i.HAL_SYSTICK_IRQHandler)
    HAL_TIMEx_ConfigBreakDeadTime            0x08001c37   Thumb Code    66  stm32f4xx_hal_tim_ex.o(i.HAL_TIMEx_ConfigBreakDeadTime)
    HAL_TIMEx_MasterConfigSynchronization    0x08001c79   Thumb Code    80  stm32f4xx_hal_tim_ex.o(i.HAL_TIMEx_MasterConfigSynchronization)
    HAL_TIM_Base_Init                        0x08001cc9   Thumb Code    56  stm32f4xx_hal_tim.o(i.HAL_TIM_Base_Init)
    HAL_TIM_Base_MspInit                     0x08001d01   Thumb Code   106  stm32f4xx_hal_msp.o(i.HAL_TIM_Base_MspInit)
    HAL_TIM_IC_ConfigChannel                 0x08001d81   Thumb Code   188  stm32f4xx_hal_tim.o(i.HAL_TIM_IC_ConfigChannel)
    HAL_TIM_IC_Init                          0x08001e3d   Thumb Code    56  stm32f4xx_hal_tim.o(i.HAL_TIM_IC_Init)
    HAL_TIM_IC_MspInit                       0x08001e75   Thumb Code   198  stm32f4xx_hal_msp.o(i.HAL_TIM_IC_MspInit)
    HAL_TIM_MspPostInit                      0x08001f5d   Thumb Code   290  stm32f4xx_hal_msp.o(i.HAL_TIM_MspPostInit)
    HAL_TIM_PWM_ConfigChannel                0x080020b9   Thumb Code   218  stm32f4xx_hal_tim.o(i.HAL_TIM_PWM_ConfigChannel)
    HAL_TIM_PWM_Init                         0x08002193   Thumb Code    56  stm32f4xx_hal_tim.o(i.HAL_TIM_PWM_Init)
    HAL_TIM_PWM_MspInit                      0x080021cd   Thumb Code   106  stm32f4xx_hal_msp.o(i.HAL_TIM_PWM_MspInit)
    HAL_UART_MspInit                         0x0800224d   Thumb Code   178  stm32f4xx_hal_msp.o(i.HAL_UART_MspInit)
    HardFault_Handler                        0x0800231d   Thumb Code     2  stm32f4xx_it.o(i.HardFault_Handler)
    MemManage_Handler                        0x080033a9   Thumb Code     2  stm32f4xx_it.o(i.MemManage_Handler)
    NMI_Handler                              0x080033ed   Thumb Code     2  stm32f4xx_it.o(i.NMI_Handler)
    PendSV_Handler1                          0x080033ef   Thumb Code     4  stm32f4xx_it.o(i.PendSV_Handler1)
    SVC_Handler1                             0x080033f3   Thumb Code     4  stm32f4xx_it.o(i.SVC_Handler1)
    SysTick_Handler1                         0x080033f7   Thumb Code    18  stm32f4xx_it.o(i.SysTick_Handler1)
    SystemClock_Config                       0x08003409   Thumb Code   176  main.o(i.SystemClock_Config)
    SystemInit                               0x080034f5   Thumb Code    66  system_stm32f4xx.o(i.SystemInit)
    TIM_Base_SetConfig                       0x08003549   Thumb Code   152  stm32f4xx_hal_tim.o(i.TIM_Base_SetConfig)
    TIM_OC2_SetConfig                        0x0800366d   Thumb Code    98  stm32f4xx_hal_tim.o(i.TIM_OC2_SetConfig)
    TIM_TI1_SetConfig                        0x08003795   Thumb Code   104  stm32f4xx_hal_tim.o(i.TIM_TI1_SetConfig)
    UsageFault_Handler                       0x08003c1d   Thumb Code     2  stm32f4xx_it.o(i.UsageFault_Handler)
    _Error_Handler                           0x08003c1f   Thumb Code     2  main.o(i._Error_Handler)
    _mutex_acquire                           0x08003c41   Thumb Code    28  rtx_lib.o(i._mutex_acquire)
    _mutex_free                              0x08003c5d   Thumb Code     6  rtx_lib.o(i._mutex_free)
    _mutex_initialize                        0x08003c63   Thumb Code    30  rtx_lib.o(i._mutex_initialize)
    _mutex_release                           0x08003c81   Thumb Code    24  rtx_lib.o(i._mutex_release)
    _platform_post_stackheap_init            0x08003c99   Thumb Code     4  rtx_lib.o(i._platform_post_stackheap_init)
    main                                     0x08003cfd   Thumb Code   106  main.o(i.main)
    osKernelGetState                         0x08003d69   Thumb Code    60  rtx_kernel.o(i.osKernelGetState)
    osKernelInitialize                       0x08003da9   Thumb Code    78  rtx_kernel.o(i.osKernelInitialize)
    osMessageQueuePut                        0x08003dfd   Thumb Code   186  rtx_msgqueue.o(i.osMessageQueuePut)
    osMutexAcquire                           0x08003ebd   Thumb Code    60  rtx_mutex.o(i.osMutexAcquire)
    osMutexDelete                            0x08003efd   Thumb Code    54  rtx_mutex.o(i.osMutexDelete)
    osMutexNew                               0x08003f39   Thumb Code    84  rtx_mutex.o(i.osMutexNew)
    osMutexRelease                           0x08003f91   Thumb Code    54  rtx_mutex.o(i.osMutexRelease)
    osRtxErrorNotify                         0x08003fcd   Thumb Code     2  rtx_config.o(i.osRtxErrorNotify)
    osRtxMemoryAlloc                         0x08003fcf   Thumb Code   126  rtx_memory.o(i.osRtxMemoryAlloc)
    osRtxMemoryFree                          0x0800404d   Thumb Code    84  rtx_memory.o(i.osRtxMemoryFree)
    osRtxMemoryInit                          0x080040a1   Thumb Code    60  rtx_memory.o(i.osRtxMemoryInit)
    osRtxMemoryPoolAlloc                     0x080040dd   Thumb Code    60  rtx_mempool.o(i.osRtxMemoryPoolAlloc)
    osRtxMemoryPoolFree                      0x08004119   Thumb Code    80  rtx_mempool.o(i.osRtxMemoryPoolFree)
    osRtxMemoryPoolInit                      0x08004169   Thumb Code    72  rtx_mempool.o(i.osRtxMemoryPoolInit)
    osRtxPendSV_Handler                      0x080041b1   Thumb Code    70  rtx_system.o(i.osRtxPendSV_Handler)
    osRtxPostProcess                         0x080041fd   Thumb Code    46  rtx_system.o(i.osRtxPostProcess)
    osRtxSysTimerAckIRQ                      0x08004235   Thumb Code     8  rtx_system.o(i.osRtxSysTimerAckIRQ)
    osRtxThreadBlock                         0x0800423d   Thumb Code    44  rtx_thread.o(i.osRtxThreadBlock)
    osRtxThreadDelayInsert                   0x0800426d   Thumb Code    86  rtx_thread.o(i.osRtxThreadDelayInsert)
    osRtxThreadDelayRemove                   0x080042c9   Thumb Code    92  rtx_thread.o(i.osRtxThreadDelayRemove)
    osRtxThreadDelayTick                     0x08004329   Thumb Code   188  rtx_thread.o(i.osRtxThreadDelayTick)
    osRtxThreadDispatch                      0x080043e9   Thumb Code   110  rtx_thread.o(i.osRtxThreadDispatch)
    osRtxThreadListGet                       0x0800445d   Thumb Code    24  rtx_thread.o(i.osRtxThreadListGet)
    osRtxThreadListPut                       0x08004475   Thumb Code    42  rtx_thread.o(i.osRtxThreadListPut)
    osRtxThreadListRemove                    0x0800449f   Thumb Code    24  rtx_thread.o(i.osRtxThreadListRemove)
    osRtxThreadListRoot                      0x080044b7   Thumb Code    16  rtx_thread.o(i.osRtxThreadListRoot)
    osRtxThreadListSort                      0x080044c7   Thumb Code    42  rtx_thread.o(i.osRtxThreadListSort)
    osRtxThreadReadyPut                      0x080044f1   Thumb Code    12  rtx_thread.o(i.osRtxThreadReadyPut)
    osRtxThreadRegPtr                        0x08004501   Thumb Code    18  rtx_thread.o(i.osRtxThreadRegPtr)
    osRtxThreadStackCheck                    0x08004515   Thumb Code    32  rtx_thread.o(i.osRtxThreadStackCheck)
    osRtxThreadSwitch                        0x0800453d   Thumb Code    26  rtx_thread.o(i.osRtxThreadSwitch)
    osRtxThreadWaitEnter                     0x0800455d   Thumb Code    76  rtx_thread.o(i.osRtxThreadWaitEnter)
    osRtxThreadWaitExit                      0x080045ad   Thumb Code    52  rtx_thread.o(i.osRtxThreadWaitExit)
    osRtxTick_Handler                        0x080045e1   Thumb Code   120  rtx_system.o(i.osRtxTick_Handler)
    osRtxTimerTick                           0x0800465d   Thumb Code    82  rtx_timer.o(i.osRtxTimerTick)
    svcRtxKernelGetState                     0x080046d9   Thumb Code    14  rtx_kernel.o(i.svcRtxKernelGetState)
    svcRtxKernelInitialize                   0x080046ed   Thumb Code   434  rtx_kernel.o(i.svcRtxKernelInitialize)
    svcRtxMessageQueuePut                    0x080048ad   Thumb Code   256  rtx_msgqueue.o(i.svcRtxMessageQueuePut)
    svcRtxMutexAcquire                       0x080049b1   Thumb Code   224  rtx_mutex.o(i.svcRtxMutexAcquire)
    svcRtxMutexDelete                        0x08004a95   Thumb Code   206  rtx_mutex.o(i.svcRtxMutexDelete)
    svcRtxMutexNew                           0x08004b69   Thumb Code   148  rtx_mutex.o(i.svcRtxMutexNew)
    svcRtxMutexRelease                       0x08004c01   Thumb Code   246  rtx_mutex.o(i.svcRtxMutexRelease)
    _fp_init                                 0x08004cfd   Thumb Code    10  fpinit.o(x$fpl$fpinit)
    __fplib_config_fpu_vfp                   0x08004d05   Thumb Code     0  fpinit.o(x$fpl$fpinit)
    __fplib_config_pureend_doubles           0x08004d05   Thumb Code     0  fpinit.o(x$fpl$fpinit)
    osRtxUserSVC                             0x08004d68   Data           4  rtx_lib.o(.constdata)
    APBAHBPrescTable                         0x08004d6c   Data          16  stm32f4xx_hal_rcc.o(.constdata)
    osRtxConfig                              0x08004d88   Data         104  rtx_lib.o(.rodata)
    Region$$Table$$Base                      0x08004df0   Number         0  anon$$obj.o(Region$$Table)
    Region$$Table$$Limit                     0x08004e10   Number         0  anon$$obj.o(Region$$Table)
    SystemCoreClock                          0x200012e4   Data           4  system_stm32f4xx.o(.data)
    uwTick                                   0x200012e8   Data           4  stm32f4xx_hal.o(.data)
    osRtxInfo                                0x200012f0   Data         168  rtx_kernel.o(.data.os)
    hadc1                                    0x20001398   Data          72  main.o(.bss)
    hcan1                                    0x200013e0   Data          64  main.o(.bss)
    hcan2                                    0x20001420   Data          64  main.o(.bss)
    hdac                                     0x20001460   Data          20  main.o(.bss)
    hi2c1                                    0x20001474   Data          84  main.o(.bss)
    hi2c2                                    0x200014c8   Data          84  main.o(.bss)
    hspi5                                    0x2000151c   Data          88  main.o(.bss)
    hspi6                                    0x20001574   Data          88  main.o(.bss)
    htim1                                    0x200015cc   Data          60  main.o(.bss)
    htim2                                    0x20001608   Data          60  main.o(.bss)
    htim3                                    0x20001644   Data          60  main.o(.bss)
    htim4                                    0x20001680   Data          60  main.o(.bss)
    htim5                                    0x200016bc   Data          60  main.o(.bss)
    htim8                                    0x200016f8   Data          60  main.o(.bss)
    htim9                                    0x20001734   Data          60  main.o(.bss)
    htim10                                   0x20001770   Data          60  main.o(.bss)
    htim11                                   0x200017ac   Data          60  main.o(.bss)
    htim12                                   0x200017e8   Data          60  main.o(.bss)
    htim13                                   0x20001824   Data          60  main.o(.bss)
    htim14                                   0x20001860   Data          60  main.o(.bss)
    huart5                                   0x2000189c   Data          64  main.o(.bss)
    huart1                                   0x200018dc   Data          64  main.o(.bss)
    huart3                                   0x2000191c   Data          64  main.o(.bss)
    __libspace_start                         0x2000195c   Data          96  libspace.o(.bss)
    __temporary_stack_top$libspace           0x200019bc   Data           0  libspace.o(.bss)



==============================================================================

Memory Map of the image

  Image Entry point : 0x080001ad

  Load Region LR_IROM1 (Base: 0x08000000, Size: 0x000061a8, Max: 0x00080000, ABSOLUTE, COMPRESSED[0x00004e44])

    Execution Region ER_IROM1 (Base: 0x08000000, Size: 0x00004e10, Max: 0x00080000, ABSOLUTE)

    Base Addr    Size         Type   Attr      Idx    E Section Name        Object

    0x08000000   0x000001ac   Data   RO         4457    RESET               startup_stm32f429xx.o
    0x080001ac   0x00000008   Code   RO         7974  * !!!main             c_w.l(__main.o)
    0x080001b4   0x00000034   Code   RO         8133    !!!scatter          c_w.l(__scatter.o)
    0x080001e8   0x0000003a   Code   RO         8131    !!dczerorl          c_w.l(__dczerorl.o)
    0x08000222   0x00000002   PAD
    0x08000224   0x0000001c   Code   RO         8135    !!handler_zi        c_w.l(__scatter_zi.o)
    0x08000240   0x00000002   Code   RO         8001    .ARM.Collect$$libinit$$00000000  c_w.l(libinit.o)
    0x08000242   0x00000004   Code   RO         8007    .ARM.Collect$$libinit$$00000001  c_w.l(libinit2.o)
    0x08000246   0x00000000   Code   RO         8010    .ARM.Collect$$libinit$$00000004  c_w.l(libinit2.o)
    0x08000246   0x00000000   Code   RO         8013    .ARM.Collect$$libinit$$0000000A  c_w.l(libinit2.o)
    0x08000246   0x00000000   Code   RO         8015    .ARM.Collect$$libinit$$0000000C  c_w.l(libinit2.o)
    0x08000246   0x00000000   Code   RO         8017    .ARM.Collect$$libinit$$0000000E  c_w.l(libinit2.o)
    0x08000246   0x00000000   Code   RO         8020    .ARM.Collect$$libinit$$00000011  c_w.l(libinit2.o)
    0x08000246   0x00000000   Code   RO         8022    .ARM.Collect$$libinit$$00000013  c_w.l(libinit2.o)
    0x08000246   0x00000000   Code   RO         8024    .ARM.Collect$$libinit$$00000015  c_w.l(libinit2.o)
    0x08000246   0x00000000   Code   RO         8026    .ARM.Collect$$libinit$$00000017  c_w.l(libinit2.o)
    0x08000246   0x00000000   Code   RO         8028    .ARM.Collect$$libinit$$00000019  c_w.l(libinit2.o)
    0x08000246   0x00000000   Code   RO         8030    .ARM.Collect$$libinit$$0000001B  c_w.l(libinit2.o)
    0x08000246   0x00000000   Code   RO         8032    .ARM.Collect$$libinit$$0000001D  c_w.l(libinit2.o)
    0x08000246   0x00000000   Code   RO         8034    .ARM.Collect$$libinit$$0000001F  c_w.l(libinit2.o)
    0x08000246   0x00000000   Code   RO         8036    .ARM.Collect$$libinit$$00000021  c_w.l(libinit2.o)
    0x08000246   0x00000000   Code   RO         8038    .ARM.Collect$$libinit$$00000023  c_w.l(libinit2.o)
    0x08000246   0x00000000   Code   RO         8040    .ARM.Collect$$libinit$$00000025  c_w.l(libinit2.o)
    0x08000246   0x00000000   Code   RO         8044    .ARM.Collect$$libinit$$0000002C  c_w.l(libinit2.o)
    0x08000246   0x00000000   Code   RO         8046    .ARM.Collect$$libinit$$0000002E  c_w.l(libinit2.o)
    0x08000246   0x00000000   Code   RO         8048    .ARM.Collect$$libinit$$00000030  c_w.l(libinit2.o)
    0x08000246   0x00000000   Code   RO         8050    .ARM.Collect$$libinit$$00000032  c_w.l(libinit2.o)
    0x08000246   0x00000002   Code   RO         8051    .ARM.Collect$$libinit$$00000033  c_w.l(libinit2.o)
    0x08000248   0x00000002   Code   RO         8071    .ARM.Collect$$libshutdown$$00000000  c_w.l(libshutdown.o)
    0x0800024a   0x00000000   Code   RO         8084    .ARM.Collect$$libshutdown$$00000002  c_w.l(libshutdown2.o)
    0x0800024a   0x00000000   Code   RO         8086    .ARM.Collect$$libshutdown$$00000004  c_w.l(libshutdown2.o)
    0x0800024a   0x00000000   Code   RO         8089    .ARM.Collect$$libshutdown$$00000007  c_w.l(libshutdown2.o)
    0x0800024a   0x00000000   Code   RO         8092    .ARM.Collect$$libshutdown$$0000000A  c_w.l(libshutdown2.o)
    0x0800024a   0x00000000   Code   RO         8094    .ARM.Collect$$libshutdown$$0000000C  c_w.l(libshutdown2.o)
    0x0800024a   0x00000000   Code   RO         8097    .ARM.Collect$$libshutdown$$0000000F  c_w.l(libshutdown2.o)
    0x0800024a   0x00000002   Code   RO         8098    .ARM.Collect$$libshutdown$$00000010  c_w.l(libshutdown2.o)
    0x0800024c   0x00000000   Code   RO         7976    .ARM.Collect$$rtentry$$00000000  c_w.l(__rtentry.o)
    0x0800024c   0x00000000   Code   RO         7980    .ARM.Collect$$rtentry$$00000002  c_w.l(__rtentry2.o)
    0x0800024c   0x00000006   Code   RO         7992    .ARM.Collect$$rtentry$$00000004  c_w.l(__rtentry4.o)
    0x08000252   0x00000008   Code   RO         7981    .ARM.Collect$$rtentry$$00000008  c_w.l(__rtentry2.o)
    0x0800025a   0x00000004   Code   RO         7983    .ARM.Collect$$rtentry$$0000000A  c_w.l(__rtentry2.o)
    0x0800025e   0x00000000   Code   RO         7985    .ARM.Collect$$rtentry$$0000000C  c_w.l(__rtentry2.o)
    0x0800025e   0x00000008   Code   RO         7986    .ARM.Collect$$rtentry$$0000000D  c_w.l(__rtentry2.o)
    0x08000266   0x00000002   Code   RO         8005    .ARM.Collect$$rtexit$$00000000  c_w.l(rtexit.o)
    0x08000268   0x00000000   Code   RO         8053    .ARM.Collect$$rtexit$$00000002  c_w.l(rtexit2.o)
    0x08000268   0x00000004   Code   RO         8054    .ARM.Collect$$rtexit$$00000003  c_w.l(rtexit2.o)
    0x0800026c   0x00000006   Code   RO         8055    .ARM.Collect$$rtexit$$00000004  c_w.l(rtexit2.o)
    0x08000272   0x00000002   PAD
    0x08000274   0x00000154   Code   RO         3305    .emb_text           rtx_mempool.o
    0x080003c8   0x00000154   Code   RO         3459    .emb_text           rtx_msgqueue.o
    0x0800051c   0x00000154   Code   RO         3835    .emb_text           rtx_system.o
    0x08000670   0x000000b8   Code   RO         1730    .text               irq_cm4f.o
    0x08000728   0x00000040   Code   RO         4458    .text               startup_stm32f429xx.o
    0x08000768   0x0000008a   Code   RO         7966    .text               c_w.l(rt_memcpy_v6.o)
    0x080007f2   0x0000004e   Code   RO         7970    .text               c_w.l(rt_memclr_w.o)
    0x08000840   0x00000006   Code   RO         7972    .text               c_w.l(heapauxi.o)
    0x08000846   0x00000064   Code   RO         7977    .text               c_w.l(rt_memcpy_w.o)
    0x080008aa   0x0000004a   Code   RO         7994    .text               c_w.l(sys_stackheap_outer.o)
    0x080008f4   0x00000012   Code   RO         7996    .text               c_w.l(exit.o)
    0x08000906   0x00000002   PAD
    0x08000908   0x00000008   Code   RO         8002    .text               c_w.l(libspace.o)
    0x08000910   0x0000000c   Code   RO         8063    .text               c_w.l(sys_exit.o)
    0x0800091c   0x00000002   Code   RO         8074    .text               c_w.l(use_no_semi.o)
    0x0800091e   0x00000000   Code   RO         8076    .text               c_w.l(indicate_semi.o)
    0x0800091e   0x00000002   PAD
    0x08000920   0x00000138   Code   RO         4664    i.ADC_Init          stm32f4xx_hal_adc.o
    0x08000a58   0x00000002   Code   RO          277    i.BusFault_Handler  stm32f4xx_it.o
    0x08000a5a   0x00000002   Code   RO          278    i.DebugMon_Handler  stm32f4xx_it.o
    0x08000a5c   0x00000002   Code   RO         1968    i.EvrRtxEventFlagsWaitTimeout  rtx_evr.o
    0x08000a5e   0x00000002   Code   RO         1969    i.EvrRtxKernelError  rtx_evr.o
    0x08000a60   0x00000002   Code   RO         1971    i.EvrRtxKernelGetState  rtx_evr.o
    0x08000a62   0x00000002   Code   RO         1977    i.EvrRtxKernelInitialize  rtx_evr.o
    0x08000a64   0x00000002   Code   RO         1978    i.EvrRtxKernelInitializeCompleted  rtx_evr.o
    0x08000a66   0x00000002   Code   RO         1991    i.EvrRtxMemoryAlloc  rtx_evr.o
    0x08000a68   0x00000002   Code   RO         1992    i.EvrRtxMemoryBlockAlloc  rtx_evr.o
    0x08000a6a   0x00000002   Code   RO         1993    i.EvrRtxMemoryBlockFree  rtx_evr.o
    0x08000a6c   0x00000002   Code   RO         1994    i.EvrRtxMemoryBlockInit  rtx_evr.o
    0x08000a6e   0x00000002   Code   RO         1995    i.EvrRtxMemoryFree  rtx_evr.o
    0x08000a70   0x00000002   Code   RO         1996    i.EvrRtxMemoryInit  rtx_evr.o
    0x08000a72   0x00000002   Code   RO         2000    i.EvrRtxMemoryPoolAllocTimeout  rtx_evr.o
    0x08000a74   0x00000002   Code   RO         2018    i.EvrRtxMessageQueueError  rtx_evr.o
    0x08000a76   0x00000002   Code   RO         2026    i.EvrRtxMessageQueueGetTimeout  rtx_evr.o
    0x08000a78   0x00000002   Code   RO         2027    i.EvrRtxMessageQueueInsertPending  rtx_evr.o
    0x08000a7a   0x00000002   Code   RO         2028    i.EvrRtxMessageQueueInserted  rtx_evr.o
    0x08000a7c   0x00000002   Code   RO         2030    i.EvrRtxMessageQueueNotInserted  rtx_evr.o
    0x08000a7e   0x00000002   Code   RO         2032    i.EvrRtxMessageQueuePut  rtx_evr.o
    0x08000a80   0x00000002   Code   RO         2033    i.EvrRtxMessageQueuePutPending  rtx_evr.o
    0x08000a82   0x00000002   Code   RO         2034    i.EvrRtxMessageQueuePutTimeout  rtx_evr.o
    0x08000a84   0x00000002   Code   RO         2037    i.EvrRtxMessageQueueRetrieved  rtx_evr.o
    0x08000a86   0x00000002   Code   RO         2038    i.EvrRtxMutexAcquire  rtx_evr.o
    0x08000a88   0x00000002   Code   RO         2039    i.EvrRtxMutexAcquirePending  rtx_evr.o
    0x08000a8a   0x00000002   Code   RO         2040    i.EvrRtxMutexAcquireTimeout  rtx_evr.o
    0x08000a8c   0x00000002   Code   RO         2041    i.EvrRtxMutexAcquired  rtx_evr.o
    0x08000a8e   0x00000002   Code   RO         2042    i.EvrRtxMutexCreated  rtx_evr.o
    0x08000a90   0x00000002   Code   RO         2043    i.EvrRtxMutexDelete  rtx_evr.o
    0x08000a92   0x00000002   Code   RO         2044    i.EvrRtxMutexDestroyed  rtx_evr.o
    0x08000a94   0x00000002   Code   RO         2045    i.EvrRtxMutexError  rtx_evr.o
    0x08000a96   0x00000002   Code   RO         2048    i.EvrRtxMutexNew    rtx_evr.o
    0x08000a98   0x00000002   Code   RO         2049    i.EvrRtxMutexNotAcquired  rtx_evr.o
    0x08000a9a   0x00000002   Code   RO         2050    i.EvrRtxMutexRelease  rtx_evr.o
    0x08000a9c   0x00000002   Code   RO         2051    i.EvrRtxMutexReleased  rtx_evr.o
    0x08000a9e   0x00000002   Code   RO         2054    i.EvrRtxSemaphoreAcquireTimeout  rtx_evr.o
    0x08000aa0   0x00000002   Code   RO         2066    i.EvrRtxThreadBlocked  rtx_evr.o
    0x08000aa2   0x00000002   Code   RO         2069    i.EvrRtxThreadDelayCompleted  rtx_evr.o
    0x08000aa4   0x00000002   Code   RO         2086    i.EvrRtxThreadFlagsWaitTimeout  rtx_evr.o
    0x08000aa6   0x00000002   Code   RO         2103    i.EvrRtxThreadSwitch  rtx_evr.o
    0x08000aa8   0x00000002   Code   RO         2105    i.EvrRtxThreadUnblocked  rtx_evr.o
    0x08000aaa   0x00000002   PAD
    0x08000aac   0x00000160   Code   RO         4666    i.HAL_ADC_ConfigChannel  stm32f4xx_hal_adc.o
    0x08000c0c   0x00000054   Code   RO         4675    i.HAL_ADC_Init      stm32f4xx_hal_adc.o
    0x08000c60   0x00000044   Code   RO         7828    i.HAL_ADC_MspInit   stm32f4xx_hal_msp.o
    0x08000ca4   0x00000182   Code   RO         4944    i.HAL_CAN_Init      stm32f4xx_hal_can.o
    0x08000e26   0x00000002   PAD
    0x08000e28   0x000000ac   Code   RO         7830    i.HAL_CAN_MspInit   stm32f4xx_hal_msp.o
    0x08000ed4   0x00000042   Code   RO         5192    i.HAL_DAC_ConfigChannel  stm32f4xx_hal_dac.o
    0x08000f16   0x0000002a   Code   RO         5202    i.HAL_DAC_Init      stm32f4xx_hal_dac.o
    0x08000f40   0x00000044   Code   RO         7832    i.HAL_DAC_MspInit   stm32f4xx_hal_msp.o
    0x08000f84   0x000001e0   Code   RO         5564    i.HAL_GPIO_Init     stm32f4xx_hal_gpio.o
    0x08001164   0x0000000e   Code   RO         5568    i.HAL_GPIO_WritePin  stm32f4xx_hal_gpio.o
    0x08001172   0x00000002   PAD
    0x08001174   0x0000000c   Code   RO         4517    i.HAL_GetTick       stm32f4xx_hal.o
    0x08001180   0x0000010c   Code   RO         5638    i.HAL_I2C_Init      stm32f4xx_hal_i2c.o
    0x0800128c   0x0000007c   Code   RO         7834    i.HAL_I2C_MspInit   stm32f4xx_hal_msp.o
    0x08001308   0x00000010   Code   RO         4518    i.HAL_IncTick       stm32f4xx_hal.o
    0x08001318   0x00000034   Code   RO         4519    i.HAL_Init          stm32f4xx_hal.o
    0x0800134c   0x00000028   Code   RO         4520    i.HAL_InitTick      stm32f4xx_hal.o
    0x08001374   0x00000058   Code   RO         7835    i.HAL_MspInit       stm32f4xx_hal_msp.o
    0x080013cc   0x00000090   Code   RO         7577    i.HAL_MultiProcessor_Init  stm32f4xx_hal_uart.o
    0x0800145c   0x00000040   Code   RO         5075    i.HAL_NVIC_SetPriority  stm32f4xx_hal_cortex.o
    0x0800149c   0x00000024   Code   RO         5076    i.HAL_NVIC_SetPriorityGrouping  stm32f4xx_hal_cortex.o
    0x080014c0   0x0000008c   Code   RO         6216    i.HAL_PWREx_EnableOverDrive  stm32f4xx_hal_pwr_ex.o
    0x0800154c   0x00000184   Code   RO         6283    i.HAL_RCC_ClockConfig  stm32f4xx_hal_rcc.o
    0x080016d0   0x0000000c   Code   RO         6288    i.HAL_RCC_GetHCLKFreq  stm32f4xx_hal_rcc.o
    0x080016dc   0x0000002c   Code   RO         6290    i.HAL_RCC_GetPCLK1Freq  stm32f4xx_hal_rcc.o
    0x08001708   0x0000002c   Code   RO         6291    i.HAL_RCC_GetPCLK2Freq  stm32f4xx_hal_rcc.o
    0x08001734   0x00000084   Code   RO         6292    i.HAL_RCC_GetSysClockFreq  stm32f4xx_hal_rcc.o
    0x080017b8   0x00000314   Code   RO         6295    i.HAL_RCC_OscConfig  stm32f4xx_hal_rcc.o
    0x08001acc   0x00000082   Code   RO         6429    i.HAL_SPI_Init      stm32f4xx_hal_spi.o
    0x08001b4e   0x00000002   PAD
    0x08001b50   0x00000098   Code   RO         7837    i.HAL_SPI_MspInit   stm32f4xx_hal_msp.o
    0x08001be8   0x0000001c   Code   RO         5078    i.HAL_SYSTICK_CLKSourceConfig  stm32f4xx_hal_cortex.o
    0x08001c04   0x00000002   Code   RO         5079    i.HAL_SYSTICK_Callback  stm32f4xx_hal_cortex.o
    0x08001c06   0x00000028   Code   RO         5080    i.HAL_SYSTICK_Config  stm32f4xx_hal_cortex.o
    0x08001c2e   0x00000008   Code   RO         5081    i.HAL_SYSTICK_IRQHandler  stm32f4xx_hal_cortex.o
    0x08001c36   0x00000042   Code   RO         7333    i.HAL_TIMEx_ConfigBreakDeadTime  stm32f4xx_hal_tim_ex.o
    0x08001c78   0x00000050   Code   RO         7348    i.HAL_TIMEx_MasterConfigSynchronization  stm32f4xx_hal_tim_ex.o
    0x08001cc8   0x00000038   Code   RO         6692    i.HAL_TIM_Base_Init  stm32f4xx_hal_tim.o
    0x08001d00   0x00000080   Code   RO         7839    i.HAL_TIM_Base_MspInit  stm32f4xx_hal_msp.o
    0x08001d80   0x000000bc   Code   RO         6722    i.HAL_TIM_IC_ConfigChannel  stm32f4xx_hal_tim.o
    0x08001e3c   0x00000038   Code   RO         6725    i.HAL_TIM_IC_Init   stm32f4xx_hal_tim.o
    0x08001e74   0x000000e8   Code   RO         7841    i.HAL_TIM_IC_MspInit  stm32f4xx_hal_msp.o
    0x08001f5c   0x0000015c   Code   RO         7842    i.HAL_TIM_MspPostInit  stm32f4xx_hal_msp.o
    0x080020b8   0x000000da   Code   RO         6758    i.HAL_TIM_PWM_ConfigChannel  stm32f4xx_hal_tim.o
    0x08002192   0x00000038   Code   RO         6761    i.HAL_TIM_PWM_Init  stm32f4xx_hal_tim.o
    0x080021ca   0x00000002   PAD
    0x080021cc   0x00000080   Code   RO         7844    i.HAL_TIM_PWM_MspInit  stm32f4xx_hal_msp.o
    0x0800224c   0x000000d0   Code   RO         7846    i.HAL_UART_MspInit  stm32f4xx_hal_msp.o
    0x0800231c   0x00000002   Code   RO          279    i.HardFault_Handler  stm32f4xx_it.o
    0x0800231e   0x00000002   PAD
    0x08002320   0x000000b4   Code   RO            4    i.MX_ADC1_Init      main.o
    0x080023d4   0x00000074   Code   RO            5    i.MX_CAN1_Init      main.o
    0x08002448   0x00000074   Code   RO            6    i.MX_CAN2_Init      main.o
    0x080024bc   0x00000078   Code   RO            7    i.MX_DAC_Init       main.o
    0x08002534   0x00000218   Code   RO            8    i.MX_GPIO_Init      main.o
    0x0800274c   0x00000074   Code   RO            9    i.MX_I2C1_Init      main.o
    0x080027c0   0x00000074   Code   RO           10    i.MX_I2C2_Init      main.o
    0x08002834   0x0000007c   Code   RO           11    i.MX_SPI5_Init      main.o
    0x080028b0   0x0000007c   Code   RO           12    i.MX_SPI6_Init      main.o
    0x0800292c   0x0000009c   Code   RO           13    i.MX_TIM10_Init     main.o
    0x080029c8   0x0000009c   Code   RO           14    i.MX_TIM11_Init     main.o
    0x08002a64   0x000000a0   Code   RO           15    i.MX_TIM12_Init     main.o
    0x08002b04   0x0000009c   Code   RO           16    i.MX_TIM13_Init     main.o
    0x08002ba0   0x0000009c   Code   RO           17    i.MX_TIM14_Init     main.o
    0x08002c3c   0x000000fc   Code   RO           18    i.MX_TIM1_Init      main.o
    0x08002d38   0x000000c8   Code   RO           19    i.MX_TIM2_Init      main.o
    0x08002e00   0x000000cc   Code   RO           20    i.MX_TIM3_Init      main.o
    0x08002ecc   0x000000cc   Code   RO           21    i.MX_TIM4_Init      main.o
    0x08002f98   0x00000100   Code   RO           22    i.MX_TIM5_Init      main.o
    0x08003098   0x00000114   Code   RO           23    i.MX_TIM8_Init      main.o
    0x080031ac   0x000000a0   Code   RO           24    i.MX_TIM9_Init      main.o
    0x0800324c   0x00000074   Code   RO           25    i.MX_UART5_Init     main.o
    0x080032c0   0x00000074   Code   RO           26    i.MX_USART1_UART_Init  main.o
    0x08003334   0x00000074   Code   RO           27    i.MX_USART3_UART_Init  main.o
    0x080033a8   0x00000002   Code   RO          280    i.MemManage_Handler  stm32f4xx_it.o
    0x080033aa   0x00000042   Code   RO         3461    i.MessageQueuePut   rtx_msgqueue.o
    0x080033ec   0x00000002   Code   RO          281    i.NMI_Handler       stm32f4xx_it.o
    0x080033ee   0x00000004   Code   RO          282    i.PendSV_Handler1   stm32f4xx_it.o
    0x080033f2   0x00000004   Code   RO          283    i.SVC_Handler1      stm32f4xx_it.o
    0x080033f6   0x00000012   Code   RO          284    i.SysTick_Handler1  stm32f4xx_it.o
    0x08003408   0x000000ec   Code   RO           28    i.SystemClock_Config  main.o
    0x080034f4   0x00000054   Code   RO         4466    i.SystemInit        system_stm32f4xx.o
    0x08003548   0x000000c4   Code   RO         6776    i.TIM_Base_SetConfig  stm32f4xx_hal_tim.o
    0x0800360c   0x00000060   Code   RO         6785    i.TIM_OC1_SetConfig  stm32f4xx_hal_tim.o
    0x0800366c   0x0000006c   Code   RO         6786    i.TIM_OC2_SetConfig  stm32f4xx_hal_tim.o
    0x080036d8   0x00000068   Code   RO         6787    i.TIM_OC3_SetConfig  stm32f4xx_hal_tim.o
    0x08003740   0x00000054   Code   RO         6788    i.TIM_OC4_SetConfig  stm32f4xx_hal_tim.o
    0x08003794   0x00000084   Code   RO         6791    i.TIM_TI1_SetConfig  stm32f4xx_hal_tim.o
    0x08003818   0x00000036   Code   RO         6793    i.TIM_TI2_SetConfig  stm32f4xx_hal_tim.o
    0x0800384e   0x00000032   Code   RO         6794    i.TIM_TI3_SetConfig  stm32f4xx_hal_tim.o
    0x08003880   0x00000038   Code   RO         6795    i.TIM_TI4_SetConfig  stm32f4xx_hal_tim.o
    0x080038b8   0x00000038   Code   RO         4338    i.TimerInsert       rtx_timer.o
    0x080038f0   0x00000018   Code   RO         4340    i.TimerUnlink       rtx_timer.o
    0x08003908   0x00000314   Code   RO         7609    i.UART_SetConfig    stm32f4xx_hal_uart.o
    0x08003c1c   0x00000002   Code   RO          285    i.UsageFault_Handler  stm32f4xx_it.o
    0x08003c1e   0x00000002   Code   RO           29    i._Error_Handler    main.o
    0x08003c20   0x00000020   Code   RO         5082    i.__NVIC_SetPriority  stm32f4xx_hal_cortex.o
    0x08003c40   0x0000001c   Code   RO         3184    i._mutex_acquire    rtx_lib.o
    0x08003c5c   0x00000006   Code   RO         3185    i._mutex_free       rtx_lib.o
    0x08003c62   0x0000001e   Code   RO         3186    i._mutex_initialize  rtx_lib.o
    0x08003c80   0x00000018   Code   RO         3187    i._mutex_release    rtx_lib.o
    0x08003c98   0x00000004   Code   RO         3188    i._platform_post_stackheap_init  rtx_lib.o
    0x08003c9c   0x0000002c   Code   RO         3837    i.isr_queue_get     rtx_system.o
    0x08003cc8   0x00000034   Code   RO         3838    i.isr_queue_put     rtx_system.o
    0x08003cfc   0x0000006a   Code   RO           30    i.main              main.o
    0x08003d66   0x00000002   PAD
    0x08003d68   0x00000040   Code   RO         2972    i.osKernelGetState  rtx_kernel.o
    0x08003da8   0x00000054   Code   RO         2977    i.osKernelInitialize  rtx_kernel.o
    0x08003dfc   0x000000c0   Code   RO         3471    i.osMessageQueuePut  rtx_msgqueue.o
    0x08003ebc   0x00000040   Code   RO         3626    i.osMutexAcquire    rtx_mutex.o
    0x08003efc   0x0000003c   Code   RO         3627    i.osMutexDelete     rtx_mutex.o
    0x08003f38   0x00000058   Code   RO         3630    i.osMutexNew        rtx_mutex.o
    0x08003f90   0x0000003c   Code   RO         3631    i.osMutexRelease    rtx_mutex.o
    0x08003fcc   0x00000002   Code   RO         1689    i.osRtxErrorNotify  rtx_config.o
    0x08003fce   0x0000007e   Code   RO         3266    i.osRtxMemoryAlloc  rtx_memory.o
    0x0800404c   0x00000054   Code   RO         3267    i.osRtxMemoryFree   rtx_memory.o
    0x080040a0   0x0000003c   Code   RO         3268    i.osRtxMemoryInit   rtx_memory.o
    0x080040dc   0x0000003c   Code   RO         3315    i.osRtxMemoryPoolAlloc  rtx_mempool.o
    0x08004118   0x00000050   Code   RO         3316    i.osRtxMemoryPoolFree  rtx_mempool.o
    0x08004168   0x00000048   Code   RO         3317    i.osRtxMemoryPoolInit  rtx_mempool.o
    0x080041b0   0x0000004c   Code   RO         3839    i.osRtxPendSV_Handler  rtx_system.o
    0x080041fc   0x00000038   Code   RO         3840    i.osRtxPostProcess  rtx_system.o
    0x08004234   0x00000008   Code   RO         3841    i.osRtxSysTimerAckIRQ  rtx_system.o
    0x0800423c   0x00000030   Code   RO         3936    i.osRtxThreadBlock  rtx_thread.o
    0x0800426c   0x0000005c   Code   RO         3937    i.osRtxThreadDelayInsert  rtx_thread.o
    0x080042c8   0x00000060   Code   RO         3938    i.osRtxThreadDelayRemove  rtx_thread.o
    0x08004328   0x000000c0   Code   RO         3939    i.osRtxThreadDelayTick  rtx_thread.o
    0x080043e8   0x00000074   Code   RO         3940    i.osRtxThreadDispatch  rtx_thread.o
    0x0800445c   0x00000018   Code   RO         3942    i.osRtxThreadListGet  rtx_thread.o
    0x08004474   0x0000002a   Code   RO         3943    i.osRtxThreadListPut  rtx_thread.o
    0x0800449e   0x00000018   Code   RO         3944    i.osRtxThreadListRemove  rtx_thread.o
    0x080044b6   0x00000010   Code   RO         3945    i.osRtxThreadListRoot  rtx_thread.o
    0x080044c6   0x0000002a   Code   RO         3946    i.osRtxThreadListSort  rtx_thread.o
    0x080044f0   0x00000010   Code   RO         3949    i.osRtxThreadReadyPut  rtx_thread.o
    0x08004500   0x00000012   Code   RO         3950    i.osRtxThreadRegPtr  rtx_thread.o
    0x08004512   0x00000002   PAD
    0x08004514   0x00000028   Code   RO         3951    i.osRtxThreadStackCheck  rtx_thread.o
    0x0800453c   0x00000020   Code   RO         3952    i.osRtxThreadSwitch  rtx_thread.o
    0x0800455c   0x00000050   Code   RO         3953    i.osRtxThreadWaitEnter  rtx_thread.o
    0x080045ac   0x00000034   Code   RO         3954    i.osRtxThreadWaitExit  rtx_thread.o
    0x080045e0   0x0000007c   Code   RO         3847    i.osRtxTick_Handler  rtx_system.o
    0x0800465c   0x00000058   Code   RO         4342    i.osRtxTimerTick    rtx_timer.o
    0x080046b4   0x00000024   Code   RO         3189    i.os_kernel_is_active  rtx_lib.o
    0x080046d8   0x00000014   Code   RO         2985    i.svcRtxKernelGetState  rtx_kernel.o
    0x080046ec   0x000001c0   Code   RO         2990    i.svcRtxKernelInitialize  rtx_kernel.o
    0x080048ac   0x00000104   Code   RO         3482    i.svcRtxMessageQueuePut  rtx_msgqueue.o
    0x080049b0   0x000000e4   Code   RO         3633    i.svcRtxMutexAcquire  rtx_mutex.o
    0x08004a94   0x000000d4   Code   RO         3634    i.svcRtxMutexDelete  rtx_mutex.o
    0x08004b68   0x00000098   Code   RO         3637    i.svcRtxMutexNew    rtx_mutex.o
    0x08004c00   0x000000fc   Code   RO         3638    i.svcRtxMutexRelease  rtx_mutex.o
    0x08004cfc   0x0000000a   Code   RO         8061    x$fpl$fpinit        fz_wm.l(fpinit.o)
    0x08004d06   0x00000002   PAD
    0x08004d08   0x00000024   Data   RO         3199    .constdata          rtx_lib.o
    0x08004d2c   0x00000024   Data   RO         3200    .constdata          rtx_lib.o
    0x08004d50   0x00000018   Data   RO         3201    .constdata          rtx_lib.o
    0x08004d68   0x00000004   Data   RO         3202    .constdata          rtx_lib.o
    0x08004d6c   0x00000010   Data   RO         6296    .constdata          stm32f4xx_hal_rcc.o
    0x08004d7c   0x0000000b   Data   RO         2997    .conststrlit        rtx_kernel.o
    0x08004d87   0x00000001   PAD
    0x08004d88   0x00000068   Data   RO         3205    .rodata             rtx_lib.o
    0x08004df0   0x00000020   Data   RO         8129    Region$$Table       anon$$obj.o


    Execution Region RW_IRAM1 (Base: 0x20000000, Size: 0x00001fc0, Max: 0x00030000, ABSOLUTE, COMPRESSED[0x00000034])

    Base Addr    Size         Type   Attr      Idx    E Section Name        Object

    0x20000000   0x00001000   Data   RW         3190    .bss.os             rtx_lib.o
    0x20001000   0x00000040   Data   RW         3191    .bss.os             rtx_lib.o
    0x20001040   0x00000034   Data   RW         3193    .bss.os.msgqueue.cb  rtx_lib.o
    0x20001074   0x00000050   Data   RW         3194    .bss.os.msgqueue.mem  rtx_lib.o
    0x200010c4   0x00000044   Data   RW         3195    .bss.os.thread.cb   rtx_lib.o
    0x20001108   0x00000044   Data   RW         3196    .bss.os.thread.cb   rtx_lib.o
    0x2000114c   0x00000004   PAD
    0x20001150   0x000000c8   Data   RW         3197    .bss.os.thread.stack  rtx_lib.o
    0x20001218   0x000000c8   Data   RW         3198    .bss.os.thread.stack  rtx_lib.o
    0x200012e0   0x00000001   Data   RW         3204    .data               rtx_lib.o
    0x200012e1   0x00000003   PAD
    0x200012e4   0x00000004   Data   RW         4468    .data               system_stm32f4xx.o
    0x200012e8   0x00000004   Data   RW         4525    .data               stm32f4xx_hal.o
    0x200012ec   0x00000004   Data   RW         7847    .data               stm32f4xx_hal_msp.o
    0x200012f0   0x000000a8   Data   RW         2999    .data.os            rtx_kernel.o
    0x20001398   0x000005c4   Zero   RW           31    .bss                main.o
    0x2000195c   0x00000060   Zero   RW         8003    .bss                c_w.l(libspace.o)
    0x200019bc   0x00000004   PAD
    0x200019c0   0x00000200   Zero   RW         4456    HEAP                startup_stm32f429xx.o
    0x20001bc0   0x00000400   Zero   RW         4455    STACK               startup_stm32f429xx.o


==============================================================================

Image component sizes


      Code (inc. data)   RO Data    RW Data    ZI Data      Debug   Object Name

       184         12          0          0          0        620   irq_cm4f.o
      4576       1512          0          0       1476     403604   main.o
         2          0          0          0          0      10915   rtx_config.o
         0          0          0          0          0      10760   rtx_delay.o
         0          0          0          0          0       5844   rtx_evflags.o
        78          0          0          0          0      23284   rtx_evr.o
       616         30         11        168          0      20871   rtx_kernel.o
       128          4        204       4829          0      11660   rtx_lib.o
       270          0          0          0          0       3339   rtx_memory.o
       552          0          0          0          0       4047   rtx_mempool.o
       858         10          0          0          0      11536   rtx_msgqueue.o
      1116         40          0          0          0       9202   rtx_mutex.o
       700         36          0          0          0      11375   rtx_system.o
       930         46          0          0          0      14371   rtx_thread.o
       168         18          0          0          0       1869   rtx_timer.o
        64         26        428          0       1536        868   startup_stm32f429xx.o
       120         22          0          4          0       3851   stm32f4xx_hal.o
       748         22          0          0          0       2931   stm32f4xx_hal_adc.o
       386          0          0          0          0       1639   stm32f4xx_hal_can.o
       210         14          0          0          0      34920   stm32f4xx_hal_cortex.o
       108          0          0          0          0       2095   stm32f4xx_hal_dac.o
       494         54          0          0          0       2768   stm32f4xx_hal_gpio.o
       268          8          0          0          0       2171   stm32f4xx_hal_i2c.o
      1716        262          0          4          0      10423   stm32f4xx_hal_msp.o
       140         14          0          0          0       1440   stm32f4xx_hal_pwr_ex.o
      1408         66         16          0          0       6731   stm32f4xx_hal_rcc.o
       130          0          0          0          0       1255   stm32f4xx_hal_spi.o
      1454        108          0          0          0      12421   stm32f4xx_hal_tim.o
       146          0          0          0          0       2148   stm32f4xx_hal_tim_ex.o
       932          8          0          0          0       2230   stm32f4xx_hal_uart.o
        38          0          0          0          0       4813   stm32f4xx_it.o
        84         18          0          4          0       1297   system_stm32f4xx.o

    ----------------------------------------------------------------------
     18640       2330        692       5016       3012     637298   Object Totals
         0          0         32          0          0          0   (incl. Generated)
        16          0          1          7          0          0   (incl. Padding)

    ----------------------------------------------------------------------

      Code (inc. data)   RO Data    RW Data    ZI Data      Debug   Library Member Name

        58          0          0          0          0          0   __dczerorl.o
         8          0          0          0          0         68   __main.o
         0          0          0          0          0          0   __rtentry.o
        20          0          0          0          0          0   __rtentry2.o
         6          0          0          0          0          0   __rtentry4.o
        52          8          0          0          0          0   __scatter.o
        28          0          0          0          0          0   __scatter_zi.o
        18          0          0          0          0         80   exit.o
         6          0          0          0          0        152   heapauxi.o
         0          0          0          0          0          0   indicate_semi.o
         2          0          0          0          0          0   libinit.o
         6          0          0          0          0          0   libinit2.o
         2          0          0          0          0          0   libshutdown.o
         2          0          0          0          0          0   libshutdown2.o
         8          4          0          0         96         68   libspace.o
        78          0          0          0          0         80   rt_memclr_w.o
       138          0          0          0          0         68   rt_memcpy_v6.o
       100          0          0          0          0         80   rt_memcpy_w.o
         2          0          0          0          0          0   rtexit.o
        10          0          0          0          0          0   rtexit2.o
        12          4          0          0          0         68   sys_exit.o
        74          0          0          0          0         80   sys_stackheap_outer.o
         2          0          0          0          0         68   use_no_semi.o
        10          0          0          0          0        116   fpinit.o

    ----------------------------------------------------------------------
       652         16          0          0        100        928   Library Totals
        10          0          0          0          4          0   (incl. Padding)

    ----------------------------------------------------------------------

      Code (inc. data)   RO Data    RW Data    ZI Data      Debug   Library Name

       632         16          0          0         96        812   c_w.l
        10          0          0          0          0        116   fz_wm.l

    ----------------------------------------------------------------------
       652         16          0          0        100        928   Library Totals

    ----------------------------------------------------------------------

==============================================================================


      Code (inc. data)   RO Data    RW Data    ZI Data      Debug   

     19292       2346        692       5016       3112     619514   Grand Totals
     19292       2346        692         52       3112     619514   ELF Image Totals (compressed)
     19292       2346        692         52          0          0   ROM Totals

==============================================================================

    Total RO  Size (Code + RO Data)                19984 (  19.52kB)
    Total RW  Size (RW Data + ZI Data)              8128 (   7.94kB)
    Total ROM Size (Code + RO Data + RW Data)      20036 (  19.57kB)

==============================================================================

